[PB Info 2026-Mar-02 15:09:24] ------------------------------------------------------------------------------
[PB Info 2026-Mar-02 15:09:24] ||                 Parabricks accelerated Genomics Pipeline                 ||
[PB Info 2026-Mar-02 15:09:24] ||                              Version 4.5.1-1                             ||
[PB Info 2026-Mar-02 15:09:24] ||                               genotypegvcf                               ||
[PB Info 2026-Mar-02 15:09:24] ------------------------------------------------------------------------------
[PB Info 2026-Mar-02 15:09:24] Checking if the index file exists for the input compressed file:/nfs/theseus/Local_Collaborators/dcas/CLARA_Exome/Germinative_v2/CLARA-118-01-RFN/vcf/CLARA-118-01-RFN.hc.g.vcf.gz for better performance
[PB Info 2026-Mar-02 15:09:24] ProgressMeter -	Current-Locus	Elapsed-Minutes
[PB Info 2026-Mar-02 15:09:25] ProgressMeter -	chr3:47924959	0.0
[PB Info 2026-Mar-02 15:09:26] ProgressMeter -	chr6:56561101	0.0
[PB Info 2026-Mar-02 15:09:27] ProgressMeter -	chr10:72627430	0.1
[PB Info 2026-Mar-02 15:09:28] ProgressMeter -	chr15:39939400	0.1
[PB Info 2026-Mar-02 15:09:29] ProgressMeter -	chr19:54242175	0.1
[PB Info 2026-Mar-02 15:09:30] genotypeGVCF finished, total time is 6.011 seconds
[PB Info 2026-Mar-02 15:09:30] ------------------------------------------------------------------------------
[PB Info 2026-Mar-02 15:09:30] ||        Program:                                      genotypegvcf        ||
[PB Info 2026-Mar-02 15:09:30] ||        Version:                                           4.5.1-1        ||
[PB Info 2026-Mar-02 15:09:30] ||        Start Time:                       Mon Mar  2 15:09:24 2026        ||
[PB Info 2026-Mar-02 15:09:30] ||        End Time:                         Mon Mar  2 15:09:30 2026        ||
[PB Info 2026-Mar-02 15:09:30] ||        Total Time:                                      6 seconds        ||
[PB Info 2026-Mar-02 15:09:30] ------------------------------------------------------------------------------
