[2026-03-02 11:08:36] [PREP] ============================================================
[2026-03-02 11:08:36] [PREP] GVCF Scalability Benchmark — Dataset Preparation
[2026-03-02 11:08:36] [PREP] Input directory : /nfs/theseus/Local_Collaborators/alepereira/gvcf_profiling/gvcf_stability_benchmark/input_gvcfs
[2026-03-02 11:08:36] [PREP] Output directory: /nfs/theseus/Local_Collaborators/alepereira/gvcf_profiling/gvcf_stability_benchmark/benchmarks/01_prep
[2026-03-02 11:08:36] [PREP] Dataset sizes   : [10, 20, 30, 40, 50, 60, 70, 80, 90, 100]
[2026-03-02 11:08:36] [PREP] Random seed     : 42
[2026-03-02 11:08:36] [PREP] ============================================================
[2026-03-02 11:08:37] [PREP] Discovered 100 GVCF files in pool
[2026-03-02 11:08:37] [PREP] Pool list written to /nfs/theseus/Local_Collaborators/alepereira/gvcf_profiling/gvcf_stability_benchmark/benchmarks/01_prep/all_gvcfs.txt
[2026-03-02 11:08:37] [PREP] dataset_10: created 10 symlinks in /nfs/theseus/Local_Collaborators/alepereira/gvcf_profiling/gvcf_stability_benchmark/benchmarks/01_prep/dataset_10/gvcfs
[2026-03-02 11:08:37] [PREP]   → CLARA-004-01-RFN.hc.g.vcf.gz
[2026-03-02 11:08:37] [PREP]   → CLARA-014-01-RFN.hc.g.vcf.gz
[2026-03-02 11:08:37] [PREP]   → CLARA-015-01-RFN.hc.g.vcf.gz
[2026-03-02 11:08:37] [PREP]   → CLARA-019-01-RCR.hc.g.vcf.gz
[2026-03-02 11:08:37] [PREP]   → CLARA-031-01-RFN.hc.g.vcf.gz
[2026-03-02 11:08:37] [PREP]   → CLARA-034-01-RCR.hc.g.vcf.gz
[2026-03-02 11:08:37] [PREP]   → CLARA-039-01-RCR.hc.g.vcf.gz
[2026-03-02 11:08:37] [PREP]   → CLARA-098-01-RCR.hc.g.vcf.gz
[2026-03-02 11:08:37] [PREP]   → CLARA-104-01-RFN.hc.g.vcf.gz
[2026-03-02 11:08:37] [PREP]   → CLARA-113-01-RFN.hc.g.vcf.gz
[2026-03-02 11:08:37] [PREP] dataset_20: created 20 symlinks in /nfs/theseus/Local_Collaborators/alepereira/gvcf_profiling/gvcf_stability_benchmark/benchmarks/01_prep/dataset_20/gvcfs
[2026-03-02 11:08:37] [PREP]   → CLARA-004-01-RFN.hc.g.vcf.gz
[2026-03-02 11:08:37] [PREP]   → CLARA-005-01-RFN.hc.g.vcf.gz
[2026-03-02 11:08:37] [PREP]   → CLARA-012-01-RFN.hc.g.vcf.gz
[2026-03-02 11:08:37] [PREP]   → CLARA-027-01-RFN.hc.g.vcf.gz
[2026-03-02 11:08:37] [PREP]   → CLARA-030-01-RFN.hc.g.vcf.gz
[2026-03-02 11:08:37] [PREP]   → CLARA-031-01-RFN.hc.g.vcf.gz
[2026-03-02 11:08:37] [PREP]   → CLARA-032-01-RCR.hc.g.vcf.gz
[2026-03-02 11:08:37] [PREP]   → CLARA-039-01-RCR.hc.g.vcf.gz
[2026-03-02 11:08:37] [PREP]   → CLARA-061-01-RCR.hc.g.vcf.gz
[2026-03-02 11:08:37] [PREP]   → CLARA-063-01-RFN.hc.g.vcf.gz
[2026-03-02 11:08:37] [PREP]   → CLARA-067-01-RFN.hc.g.vcf.gz
[2026-03-02 11:08:37] [PREP]   → CLARA-075-01-RFN.hc.g.vcf.gz
[2026-03-02 11:08:37] [PREP]   → CLARA-080-01-RFN.hc.g.vcf.gz
[2026-03-02 11:08:37] [PREP]   → CLARA-082-01-RFN.hc.g.vcf.gz
[2026-03-02 11:08:37] [PREP]   → CLARA-087-01-RFN.hc.g.vcf.gz
[2026-03-02 11:08:37] [PREP]   → CLARA-089-01-RCR.hc.g.vcf.gz
[2026-03-02 11:08:37] [PREP]   → CLARA-100-01-RFN.hc.g.vcf.gz
[2026-03-02 11:08:37] [PREP]   → CLARA-108-01-RFN.hc.g.vcf.gz
[2026-03-02 11:08:37] [PREP]   → CLARA-110-01-RCR.hc.g.vcf.gz
[2026-03-02 11:08:37] [PREP]   → CLARA-113-01-RFN.hc.g.vcf.gz
[2026-03-02 11:08:37] [PREP] dataset_30: created 30 symlinks in /nfs/theseus/Local_Collaborators/alepereira/gvcf_profiling/gvcf_stability_benchmark/benchmarks/01_prep/dataset_30/gvcfs
[2026-03-02 11:08:37] [PREP]   → CLARA-001-01-RFN.hc.g.vcf.gz
[2026-03-02 11:08:37] [PREP]   → CLARA-006-01-RCR.hc.g.vcf.gz
[2026-03-02 11:08:37] [PREP]   → CLARA-009-01-RFN.hc.g.vcf.gz
[2026-03-02 11:08:37] [PREP]   → CLARA-011-01-RNF.hc.g.vcf.gz
[2026-03-02 11:08:37] [PREP]   → CLARA-012-01-RFN.hc.g.vcf.gz
[2026-03-02 11:08:37] [PREP]   → CLARA-013-01-RFN.hc.g.vcf.gz
[2026-03-02 11:08:37] [PREP]   → CLARA-014-01-RFN.hc.g.vcf.gz
[2026-03-02 11:08:37] [PREP]   → CLARA-016-01-RFN.hc.g.vcf.gz
[2026-03-02 11:08:37] [PREP]   → CLARA-021-01-RCR.hc.g.vcf.gz
[2026-03-02 11:08:37] [PREP]   → CLARA-022-01-RFN.hc.g.vcf.gz
[2026-03-02 11:08:37] [PREP]   → CLARA-026-01-RCR.hc.g.vcf.gz
[2026-03-02 11:08:37] [PREP]   → CLARA-030-01-RFN.hc.g.vcf.gz
[2026-03-02 11:08:37] [PREP]   → CLARA-036-01-RCR.hc.g.vcf.gz
[2026-03-02 11:08:37] [PREP]   → CLARA-039-01-RCR.hc.g.vcf.gz
[2026-03-02 11:08:37] [PREP]   → CLARA-043-01-RCR.hc.g.vcf.gz
[2026-03-02 11:08:37] [PREP]   → CLARA-050-01-RCR.hc.g.vcf.gz
[2026-03-02 11:08:37] [PREP]   → CLARA-051-01-RFN.hc.g.vcf.gz
[2026-03-02 11:08:37] [PREP]   → CLARA-052-01-RFN.hc.g.vcf.gz
[2026-03-02 11:08:37] [PREP]   → CLARA-053-01-RFN.hc.g.vcf.gz
[2026-03-02 11:08:37] [PREP]   → CLARA-055-01-RFN.hc.g.vcf.gz
[2026-03-02 11:08:37] [PREP]   → CLARA-063-01-RFN.hc.g.vcf.gz
[2026-03-02 11:08:37] [PREP]   → CLARA-068-01-RCR.hc.g.vcf.gz
[2026-03-02 11:08:37] [PREP]   → CLARA-079-01-RCR.hc.g.vcf.gz
[2026-03-02 11:08:37] [PREP]   → CLARA-081-01-RFN.hc.g.vcf.gz
[2026-03-02 11:08:37] [PREP]   → CLARA-089-01-RCR.hc.g.vcf.gz
[2026-03-02 11:08:37] [PREP]   → CLARA-098-01-RCR.hc.g.vcf.gz
[2026-03-02 11:08:37] [PREP]   → CLARA-105-01-RFN.hc.g.vcf.gz
[2026-03-02 11:08:37] [PREP]   → CLARA-108-01-RFN.hc.g.vcf.gz
[2026-03-02 11:08:37] [PREP]   → CLARA-113-01-RFN.hc.g.vcf.gz
[2026-03-02 11:08:37] [PREP]   → CLARA-116-01-RCR.hc.g.vcf.gz
[2026-03-02 11:08:37] [PREP] dataset_40: created 40 symlinks in /nfs/theseus/Local_Collaborators/alepereira/gvcf_profiling/gvcf_stability_benchmark/benchmarks/01_prep/dataset_40/gvcfs
[2026-03-02 11:08:37] [PREP]   → CLARA-005-01-RFN.hc.g.vcf.gz
[2026-03-02 11:08:37] [PREP]   → CLARA-008-01-RCR.hc.g.vcf.gz
[2026-03-02 11:08:37] [PREP]   → CLARA-009-01-RFN.hc.g.vcf.gz
[2026-03-02 11:08:37] [PREP]   → CLARA-010-01-RNF.hc.g.vcf.gz
[2026-03-02 11:08:37] [PREP]   → CLARA-011-01-RNF.hc.g.vcf.gz
[2026-03-02 11:08:37] [PREP]   → CLARA-013-01-RFN.hc.g.vcf.gz
[2026-03-02 11:08:37] [PREP]   → CLARA-022-01-RFN.hc.g.vcf.gz
[2026-03-02 11:08:37] [PREP]   → CLARA-023-01-RFN.hc.g.vcf.gz
[2026-03-02 11:08:37] [PREP]   → CLARA-028-01-RFN.hc.g.vcf.gz
[2026-03-02 11:08:37] [PREP]   → CLARA-030-01-RFN.hc.g.vcf.gz
[2026-03-02 11:08:37] [PREP]   → CLARA-031-01-RFN.hc.g.vcf.gz
[2026-03-02 11:08:37] [PREP]   → CLARA-032-01-RCR.hc.g.vcf.gz
[2026-03-02 11:08:37] [PREP]   → CLARA-034-01-RCR.hc.g.vcf.gz
[2026-03-02 11:08:37] [PREP]   → CLARA-038-01-RCR.hc.g.vcf.gz
[2026-03-02 11:08:37] [PREP]   → CLARA-039-01-RCR.hc.g.vcf.gz
[2026-03-02 11:08:37] [PREP]   → CLARA-041-01-RFN.hc.g.vcf.gz
[2026-03-02 11:08:37] [PREP]   → CLARA-043-01-RCR.hc.g.vcf.gz
[2026-03-02 11:08:37] [PREP]   → CLARA-047-01-RFN.hc.g.vcf.gz
[2026-03-02 11:08:37] [PREP]   → CLARA-048-01-RFN.hc.g.vcf.gz
[2026-03-02 11:08:37] [PREP]   → CLARA-052-01-RFN.hc.g.vcf.gz
[2026-03-02 11:08:37] [PREP]   → CLARA-053-01-RFN.hc.g.vcf.gz
[2026-03-02 11:08:37] [PREP]   → CLARA-054-01-RFN.hc.g.vcf.gz
[2026-03-02 11:08:37] [PREP]   → CLARA-055-01-RFN.hc.g.vcf.gz
[2026-03-02 11:08:37] [PREP]   → CLARA-059-01-RFN.hc.g.vcf.gz
[2026-03-02 11:08:37] [PREP]   → CLARA-068-01-RCR.hc.g.vcf.gz
[2026-03-02 11:08:37] [PREP]   → CLARA-070-01-RCR.hc.g.vcf.gz
[2026-03-02 11:08:37] [PREP]   → CLARA-071-01-RFN.hc.g.vcf.gz
[2026-03-02 11:08:37] [PREP]   → CLARA-079-01-RCR.hc.g.vcf.gz
[2026-03-02 11:08:37] [PREP]   → CLARA-082-01-RFN.hc.g.vcf.gz
[2026-03-02 11:08:37] [PREP]   → CLARA-086-01-RFN.hc.g.vcf.gz
[2026-03-02 11:08:37] [PREP]   → CLARA-089-01-RCR.hc.g.vcf.gz
[2026-03-02 11:08:37] [PREP]   → CLARA-098-01-RCR.hc.g.vcf.gz
[2026-03-02 11:08:37] [PREP]   → CLARA-099-01-RFN.hc.g.vcf.gz
[2026-03-02 11:08:37] [PREP]   → CLARA-101-01-RCR.hc.g.vcf.gz
[2026-03-02 11:08:37] [PREP]   → CLARA-107-01-RCR.hc.g.vcf.gz
[2026-03-02 11:08:37] [PREP]   → CLARA-110-01-RCR.hc.g.vcf.gz
[2026-03-02 11:08:37] [PREP]   → CLARA-112-01-RFN.hc.g.vcf.gz
[2026-03-02 11:08:37] [PREP]   → CLARA-114-01-RFN.hc.g.vcf.gz
[2026-03-02 11:08:37] [PREP]   → CLARA-117-01-RCR.hc.g.vcf.gz
[2026-03-02 11:08:37] [PREP]   → CLARA-118-01-RFN.hc.g.vcf.gz
[2026-03-02 11:08:37] [PREP] dataset_50: created 50 symlinks in /nfs/theseus/Local_Collaborators/alepereira/gvcf_profiling/gvcf_stability_benchmark/benchmarks/01_prep/dataset_50/gvcfs
[2026-03-02 11:08:37] [PREP]   → CLARA-002-01-RCR.hc.g.vcf.gz
[2026-03-02 11:08:37] [PREP]   → CLARA-007-01-RFN.hc.g.vcf.gz
[2026-03-02 11:08:37] [PREP]   → CLARA-008-01-RCR.hc.g.vcf.gz
[2026-03-02 11:08:37] [PREP]   → CLARA-009-01-RFN.hc.g.vcf.gz
[2026-03-02 11:08:37] [PREP]   → CLARA-011-01-RNF.hc.g.vcf.gz
[2026-03-02 11:08:37] [PREP]   → CLARA-012-01-RFN.hc.g.vcf.gz
[2026-03-02 11:08:37] [PREP]   → CLARA-015-01-RFN.hc.g.vcf.gz
[2026-03-02 11:08:37] [PREP]   → CLARA-019-01-RCR.hc.g.vcf.gz
[2026-03-02 11:08:37] [PREP]   → CLARA-020-01-RFN.hc.g.vcf.gz
[2026-03-02 11:08:37] [PREP]   → CLARA-021-01-RCR.hc.g.vcf.gz
[2026-03-02 11:08:37] [PREP]   → CLARA-022-01-RFN.hc.g.vcf.gz
[2026-03-02 11:08:37] [PREP]   → CLARA-023-01-RFN.hc.g.vcf.gz
[2026-03-02 11:08:37] [PREP]   → CLARA-030-01-RFN.hc.g.vcf.gz
[2026-03-02 11:08:37] [PREP]   → CLARA-031-01-RFN.hc.g.vcf.gz
[2026-03-02 11:08:37] [PREP]   → CLARA-032-01-RCR.hc.g.vcf.gz
[2026-03-02 11:08:37] [PREP]   → CLARA-034-01-RCR.hc.g.vcf.gz
[2026-03-02 11:08:37] [PREP]   → CLARA-035-01-RCR.hc.g.vcf.gz
[2026-03-02 11:08:37] [PREP]   → CLARA-036-01-RCR.hc.g.vcf.gz
[2026-03-02 11:08:37] [PREP]   → CLARA-038-01-RCR.hc.g.vcf.gz
[2026-03-02 11:08:37] [PREP]   → CLARA-047-01-RFN.hc.g.vcf.gz
[2026-03-02 11:08:37] [PREP]   → CLARA-048-01-RFN.hc.g.vcf.gz
[2026-03-02 11:08:37] [PREP]   → CLARA-050-01-RCR.hc.g.vcf.gz
[2026-03-02 11:08:37] [PREP]   → CLARA-053-01-RFN.hc.g.vcf.gz
[2026-03-02 11:08:37] [PREP]   → CLARA-055-01-RFN.hc.g.vcf.gz
[2026-03-02 11:08:37] [PREP]   → CLARA-056-01-RFN.hc.g.vcf.gz
[2026-03-02 11:08:37] [PREP]   → CLARA-058-01-RFN.hc.g.vcf.gz
[2026-03-02 11:08:37] [PREP]   → CLARA-059-01-RFN.hc.g.vcf.gz
[2026-03-02 11:08:37] [PREP]   → CLARA-063-01-RFN.hc.g.vcf.gz
[2026-03-02 11:08:37] [PREP]   → CLARA-065-01-RFN.hc.g.vcf.gz
[2026-03-02 11:08:37] [PREP]   → CLARA-068-01-RCR.hc.g.vcf.gz
[2026-03-02 11:08:37] [PREP]   → CLARA-070-01-RCR.hc.g.vcf.gz
[2026-03-02 11:08:37] [PREP]   → CLARA-074-01-RFN.hc.g.vcf.gz
[2026-03-02 11:08:37] [PREP]   → CLARA-076-01-RCR.hc.g.vcf.gz
[2026-03-02 11:08:37] [PREP]   → CLARA-078-01-RFN.hc.g.vcf.gz
[2026-03-02 11:08:37] [PREP]   → CLARA-079-01-RCR.hc.g.vcf.gz
[2026-03-02 11:08:37] [PREP]   → CLARA-082-01-RFN.hc.g.vcf.gz
[2026-03-02 11:08:37] [PREP]   → CLARA-085-01-RFN.hc.g.vcf.gz
[2026-03-02 11:08:37] [PREP]   → CLARA-086-01-RFN.hc.g.vcf.gz
[2026-03-02 11:08:37] [PREP]   → CLARA-090-01-RFN.hc.g.vcf.gz
[2026-03-02 11:08:37] [PREP]   → CLARA-099-01-RFN.hc.g.vcf.gz
[2026-03-02 11:08:37] [PREP]   → CLARA-100-01-RFN.hc.g.vcf.gz
[2026-03-02 11:08:37] [PREP]   → CLARA-101-01-RCR.hc.g.vcf.gz
[2026-03-02 11:08:37] [PREP]   → CLARA-104-01-RFN.hc.g.vcf.gz
[2026-03-02 11:08:37] [PREP]   → CLARA-108-01-RFN.hc.g.vcf.gz
[2026-03-02 11:08:37] [PREP]   → CLARA-109-01-RFN.hc.g.vcf.gz
[2026-03-02 11:08:37] [PREP]   → CLARA-110-01-RCR.hc.g.vcf.gz
[2026-03-02 11:08:37] [PREP]   → CLARA-114-01-RFN.hc.g.vcf.gz
[2026-03-02 11:08:37] [PREP]   → CLARA-115-01-RCR.hc.g.vcf.gz
[2026-03-02 11:08:37] [PREP]   → CLARA-116-01-RCR.hc.g.vcf.gz
[2026-03-02 11:08:37] [PREP]   → CLARA-118-01-RFN.hc.g.vcf.gz
[2026-03-02 11:08:37] [PREP] dataset_60: created 60 symlinks in /nfs/theseus/Local_Collaborators/alepereira/gvcf_profiling/gvcf_stability_benchmark/benchmarks/01_prep/dataset_60/gvcfs
[2026-03-02 11:08:37] [PREP]   → CLARA-001-01-RFN.hc.g.vcf.gz
[2026-03-02 11:08:37] [PREP]   → CLARA-003-01-RFN.hc.g.vcf.gz
[2026-03-02 11:08:37] [PREP]   → CLARA-008-01-RCR.hc.g.vcf.gz
[2026-03-02 11:08:37] [PREP]   → CLARA-009-01-RFN.hc.g.vcf.gz
[2026-03-02 11:08:37] [PREP]   → CLARA-011-01-RNF.hc.g.vcf.gz
[2026-03-02 11:08:37] [PREP]   → CLARA-013-01-RFN.hc.g.vcf.gz
[2026-03-02 11:08:37] [PREP]   → CLARA-014-01-RFN.hc.g.vcf.gz
[2026-03-02 11:08:37] [PREP]   → CLARA-015-01-RFN.hc.g.vcf.gz
[2026-03-02 11:08:37] [PREP]   → CLARA-018-01-RCR.hc.g.vcf.gz
[2026-03-02 11:08:37] [PREP]   → CLARA-021-01-RCR.hc.g.vcf.gz
[2026-03-02 11:08:37] [PREP]   → CLARA-022-01-RFN.hc.g.vcf.gz
[2026-03-02 11:08:37] [PREP]   → CLARA-024-01-RCR.hc.g.vcf.gz
[2026-03-02 11:08:37] [PREP]   → CLARA-025-01-RCR.hc.g.vcf.gz
[2026-03-02 11:08:37] [PREP]   → CLARA-027-01-RFN.hc.g.vcf.gz
[2026-03-02 11:08:37] [PREP]   → CLARA-030-01-RFN.hc.g.vcf.gz
[2026-03-02 11:08:37] [PREP]   → CLARA-031-01-RFN.hc.g.vcf.gz
[2026-03-02 11:08:37] [PREP]   → CLARA-033-01-RCR.hc.g.vcf.gz
[2026-03-02 11:08:37] [PREP]   → CLARA-036-01-RCR.hc.g.vcf.gz
[2026-03-02 11:08:37] [PREP]   → CLARA-038-01-RCR.hc.g.vcf.gz
[2026-03-02 11:08:37] [PREP]   → CLARA-039-01-RCR.hc.g.vcf.gz
[2026-03-02 11:08:37] [PREP]   → CLARA-044-01-RFN.hc.g.vcf.gz
[2026-03-02 11:08:37] [PREP]   → CLARA-045-01-RFN.hc.g.vcf.gz
[2026-03-02 11:08:37] [PREP]   → CLARA-048-01-RFN.hc.g.vcf.gz
[2026-03-02 11:08:37] [PREP]   → CLARA-049-01-RCR.hc.g.vcf.gz
[2026-03-02 11:08:37] [PREP]   → CLARA-051-01-RFN.hc.g.vcf.gz
[2026-03-02 11:08:37] [PREP]   → CLARA-052-01-RFN.hc.g.vcf.gz
[2026-03-02 11:08:37] [PREP]   → CLARA-053-01-RFN.hc.g.vcf.gz
[2026-03-02 11:08:37] [PREP]   → CLARA-054-01-RFN.hc.g.vcf.gz
[2026-03-02 11:08:37] [PREP]   → CLARA-055-01-RFN.hc.g.vcf.gz
[2026-03-02 11:08:37] [PREP]   → CLARA-060-01-RCR.hc.g.vcf.gz
[2026-03-02 11:08:37] [PREP]   → CLARA-064-01-RFN.hc.g.vcf.gz
[2026-03-02 11:08:37] [PREP]   → CLARA-068-01-RCR.hc.g.vcf.gz
[2026-03-02 11:08:37] [PREP]   → CLARA-071-01-RFN.hc.g.vcf.gz
[2026-03-02 11:08:37] [PREP]   → CLARA-073-01-RFN.hc.g.vcf.gz
[2026-03-02 11:08:37] [PREP]   → CLARA-074-01-RFN.hc.g.vcf.gz
[2026-03-02 11:08:37] [PREP]   → CLARA-075-01-RFN.hc.g.vcf.gz
[2026-03-02 11:08:37] [PREP]   → CLARA-076-01-RCR.hc.g.vcf.gz
[2026-03-02 11:08:37] [PREP]   → CLARA-078-01-RFN.hc.g.vcf.gz
[2026-03-02 11:08:37] [PREP]   → CLARA-079-01-RCR.hc.g.vcf.gz
[2026-03-02 11:08:37] [PREP]   → CLARA-080-01-RFN.hc.g.vcf.gz
[2026-03-02 11:08:37] [PREP]   → CLARA-084-01-RCR.hc.g.vcf.gz
[2026-03-02 11:08:37] [PREP]   → CLARA-086-01-RFN.hc.g.vcf.gz
[2026-03-02 11:08:37] [PREP]   → CLARA-088-01-RFN.hc.g.vcf.gz
[2026-03-02 11:08:37] [PREP]   → CLARA-089-01-RCR.hc.g.vcf.gz
[2026-03-02 11:08:37] [PREP]   → CLARA-090-01-RFN.hc.g.vcf.gz
[2026-03-02 11:08:37] [PREP]   → CLARA-097-01-RCR.hc.g.vcf.gz
[2026-03-02 11:08:37] [PREP]   → CLARA-098-01-RCR.hc.g.vcf.gz
[2026-03-02 11:08:37] [PREP]   → CLARA-099-01-RFN.hc.g.vcf.gz
[2026-03-02 11:08:37] [PREP]   → CLARA-103-01-RCR.hc.g.vcf.gz
[2026-03-02 11:08:37] [PREP]   → CLARA-104-01-RFN.hc.g.vcf.gz
[2026-03-02 11:08:37] [PREP]   → CLARA-105-01-RFN.hc.g.vcf.gz
[2026-03-02 11:08:37] [PREP]   → CLARA-107-01-RCR.hc.g.vcf.gz
[2026-03-02 11:08:37] [PREP]   → CLARA-109-01-RFN.hc.g.vcf.gz
[2026-03-02 11:08:37] [PREP]   → CLARA-111-01-RCR.hc.g.vcf.gz
[2026-03-02 11:08:37] [PREP]   → CLARA-112-01-RFN.hc.g.vcf.gz
[2026-03-02 11:08:37] [PREP]   → CLARA-114-01-RFN.hc.g.vcf.gz
[2026-03-02 11:08:37] [PREP]   → CLARA-115-01-RCR.hc.g.vcf.gz
[2026-03-02 11:08:37] [PREP]   → CLARA-116-01-RCR.hc.g.vcf.gz
[2026-03-02 11:08:37] [PREP]   → CLARA-117-01-RCR.hc.g.vcf.gz
[2026-03-02 11:08:37] [PREP]   → CLARA-118-01-RFN.hc.g.vcf.gz
[2026-03-02 11:08:37] [PREP] dataset_70: created 70 symlinks in /nfs/theseus/Local_Collaborators/alepereira/gvcf_profiling/gvcf_stability_benchmark/benchmarks/01_prep/dataset_70/gvcfs
[2026-03-02 11:08:37] [PREP]   → CLARA-001-01-RFN.hc.g.vcf.gz
[2026-03-02 11:08:37] [PREP]   → CLARA-003-01-RFN.hc.g.vcf.gz
[2026-03-02 11:08:37] [PREP]   → CLARA-004-01-RFN.hc.g.vcf.gz
[2026-03-02 11:08:37] [PREP]   → CLARA-005-01-RFN.hc.g.vcf.gz
[2026-03-02 11:08:37] [PREP]   → CLARA-006-01-RCR.hc.g.vcf.gz
[2026-03-02 11:08:37] [PREP]   → CLARA-007-01-RFN.hc.g.vcf.gz
[2026-03-02 11:08:37] [PREP]   → CLARA-008-01-RCR.hc.g.vcf.gz
[2026-03-02 11:08:37] [PREP]   → CLARA-009-01-RFN.hc.g.vcf.gz
[2026-03-02 11:08:37] [PREP]   → CLARA-010-01-RNF.hc.g.vcf.gz
[2026-03-02 11:08:37] [PREP]   → CLARA-012-01-RFN.hc.g.vcf.gz
[2026-03-02 11:08:37] [PREP]   → CLARA-013-01-RFN.hc.g.vcf.gz
[2026-03-02 11:08:37] [PREP]   → CLARA-016-01-RFN.hc.g.vcf.gz
[2026-03-02 11:08:37] [PREP]   → CLARA-018-01-RCR.hc.g.vcf.gz
[2026-03-02 11:08:37] [PREP]   → CLARA-019-01-RCR.hc.g.vcf.gz
[2026-03-02 11:08:37] [PREP]   → CLARA-023-01-RFN.hc.g.vcf.gz
[2026-03-02 11:08:37] [PREP]   → CLARA-026-01-RCR.hc.g.vcf.gz
[2026-03-02 11:08:37] [PREP]   → CLARA-027-01-RFN.hc.g.vcf.gz
[2026-03-02 11:08:37] [PREP]   → CLARA-028-01-RFN.hc.g.vcf.gz
[2026-03-02 11:08:37] [PREP]   → CLARA-030-01-RFN.hc.g.vcf.gz
[2026-03-02 11:08:37] [PREP]   → CLARA-031-01-RFN.hc.g.vcf.gz
[2026-03-02 11:08:37] [PREP]   → CLARA-032-01-RCR.hc.g.vcf.gz
[2026-03-02 11:08:37] [PREP]   → CLARA-033-01-RCR.hc.g.vcf.gz
[2026-03-02 11:08:37] [PREP]   → CLARA-034-01-RCR.hc.g.vcf.gz
[2026-03-02 11:08:37] [PREP]   → CLARA-038-01-RCR.hc.g.vcf.gz
[2026-03-02 11:08:37] [PREP]   → CLARA-039-01-RCR.hc.g.vcf.gz
[2026-03-02 11:08:37] [PREP]   → CLARA-045-01-RFN.hc.g.vcf.gz
[2026-03-02 11:08:37] [PREP]   → CLARA-048-01-RFN.hc.g.vcf.gz
[2026-03-02 11:08:37] [PREP]   → CLARA-049-01-RCR.hc.g.vcf.gz
[2026-03-02 11:08:37] [PREP]   → CLARA-050-01-RCR.hc.g.vcf.gz
[2026-03-02 11:08:37] [PREP]   → CLARA-051-01-RFN.hc.g.vcf.gz
[2026-03-02 11:08:37] [PREP]   → CLARA-052-01-RFN.hc.g.vcf.gz
[2026-03-02 11:08:37] [PREP]   → CLARA-053-01-RFN.hc.g.vcf.gz
[2026-03-02 11:08:37] [PREP]   → CLARA-054-01-RFN.hc.g.vcf.gz
[2026-03-02 11:08:37] [PREP]   → CLARA-055-01-RFN.hc.g.vcf.gz
[2026-03-02 11:08:37] [PREP]   → CLARA-056-01-RFN.hc.g.vcf.gz
[2026-03-02 11:08:37] [PREP]   → CLARA-060-01-RCR.hc.g.vcf.gz
[2026-03-02 11:08:37] [PREP]   → CLARA-061-01-RCR.hc.g.vcf.gz
[2026-03-02 11:08:37] [PREP]   → CLARA-063-01-RFN.hc.g.vcf.gz
[2026-03-02 11:08:37] [PREP]   → CLARA-064-01-RFN.hc.g.vcf.gz
[2026-03-02 11:08:37] [PREP]   → CLARA-065-01-RFN.hc.g.vcf.gz
[2026-03-02 11:08:37] [PREP]   → CLARA-068-01-RCR.hc.g.vcf.gz
[2026-03-02 11:08:37] [PREP]   → CLARA-070-01-RCR.hc.g.vcf.gz
[2026-03-02 11:08:37] [PREP]   → CLARA-071-01-RFN.hc.g.vcf.gz
[2026-03-02 11:08:37] [PREP]   → CLARA-072-01-RCR.hc.g.vcf.gz
[2026-03-02 11:08:37] [PREP]   → CLARA-073-01-RFN.hc.g.vcf.gz
[2026-03-02 11:08:37] [PREP]   → CLARA-074-01-RFN.hc.g.vcf.gz
[2026-03-02 11:08:37] [PREP]   → CLARA-076-01-RCR.hc.g.vcf.gz
[2026-03-02 11:08:37] [PREP]   → CLARA-077-01-RCR.hc.g.vcf.gz
[2026-03-02 11:08:37] [PREP]   → CLARA-078-01-RFN.hc.g.vcf.gz
[2026-03-02 11:08:37] [PREP]   → CLARA-080-01-RFN.hc.g.vcf.gz
[2026-03-02 11:08:37] [PREP]   → CLARA-081-01-RFN.hc.g.vcf.gz
[2026-03-02 11:08:37] [PREP]   → CLARA-084-01-RCR.hc.g.vcf.gz
[2026-03-02 11:08:37] [PREP]   → CLARA-087-01-RFN.hc.g.vcf.gz
[2026-03-02 11:08:37] [PREP]   → CLARA-089-01-RCR.hc.g.vcf.gz
[2026-03-02 11:08:37] [PREP]   → CLARA-091-01-RFN.hc.g.vcf.gz
[2026-03-02 11:08:37] [PREP]   → CLARA-097-01-RCR.hc.g.vcf.gz
[2026-03-02 11:08:37] [PREP]   → CLARA-099-01-RFN.hc.g.vcf.gz
[2026-03-02 11:08:37] [PREP]   → CLARA-100-01-RFN.hc.g.vcf.gz
[2026-03-02 11:08:37] [PREP]   → CLARA-101-01-RCR.hc.g.vcf.gz
[2026-03-02 11:08:37] [PREP]   → CLARA-105-01-RFN.hc.g.vcf.gz
[2026-03-02 11:08:37] [PREP]   → CLARA-107-01-RCR.hc.g.vcf.gz
[2026-03-02 11:08:37] [PREP]   → CLARA-108-01-RFN.hc.g.vcf.gz
[2026-03-02 11:08:37] [PREP]   → CLARA-109-01-RFN.hc.g.vcf.gz
[2026-03-02 11:08:37] [PREP]   → CLARA-110-01-RCR.hc.g.vcf.gz
[2026-03-02 11:08:37] [PREP]   → CLARA-112-01-RFN.hc.g.vcf.gz
[2026-03-02 11:08:37] [PREP]   → CLARA-114-01-RFN.hc.g.vcf.gz
[2026-03-02 11:08:37] [PREP]   → CLARA-115-01-RCR.hc.g.vcf.gz
[2026-03-02 11:08:37] [PREP]   → CLARA-116-01-RCR.hc.g.vcf.gz
[2026-03-02 11:08:37] [PREP]   → CLARA-117-01-RCR.hc.g.vcf.gz
[2026-03-02 11:08:37] [PREP]   → CLARA-118-01-RFN.hc.g.vcf.gz
[2026-03-02 11:08:38] [PREP] dataset_80: created 80 symlinks in /nfs/theseus/Local_Collaborators/alepereira/gvcf_profiling/gvcf_stability_benchmark/benchmarks/01_prep/dataset_80/gvcfs
[2026-03-02 11:08:38] [PREP]   → CLARA-001-01-RFN.hc.g.vcf.gz
[2026-03-02 11:08:38] [PREP]   → CLARA-003-01-RFN.hc.g.vcf.gz
[2026-03-02 11:08:38] [PREP]   → CLARA-004-01-RFN.hc.g.vcf.gz
[2026-03-02 11:08:38] [PREP]   → CLARA-005-01-RFN.hc.g.vcf.gz
[2026-03-02 11:08:38] [PREP]   → CLARA-006-01-RCR.hc.g.vcf.gz
[2026-03-02 11:08:38] [PREP]   → CLARA-007-01-RFN.hc.g.vcf.gz
[2026-03-02 11:08:38] [PREP]   → CLARA-008-01-RCR.hc.g.vcf.gz
[2026-03-02 11:08:38] [PREP]   → CLARA-009-01-RFN.hc.g.vcf.gz
[2026-03-02 11:08:38] [PREP]   → CLARA-011-01-RNF.hc.g.vcf.gz
[2026-03-02 11:08:38] [PREP]   → CLARA-014-01-RFN.hc.g.vcf.gz
[2026-03-02 11:08:38] [PREP]   → CLARA-015-01-RFN.hc.g.vcf.gz
[2026-03-02 11:08:38] [PREP]   → CLARA-016-01-RFN.hc.g.vcf.gz
[2026-03-02 11:08:38] [PREP]   → CLARA-018-01-RCR.hc.g.vcf.gz
[2026-03-02 11:08:38] [PREP]   → CLARA-019-01-RCR.hc.g.vcf.gz
[2026-03-02 11:08:38] [PREP]   → CLARA-020-01-RFN.hc.g.vcf.gz
[2026-03-02 11:08:38] [PREP]   → CLARA-021-01-RCR.hc.g.vcf.gz
[2026-03-02 11:08:38] [PREP]   → CLARA-022-01-RFN.hc.g.vcf.gz
[2026-03-02 11:08:38] [PREP]   → CLARA-023-01-RFN.hc.g.vcf.gz
[2026-03-02 11:08:38] [PREP]   → CLARA-025-01-RCR.hc.g.vcf.gz
[2026-03-02 11:08:38] [PREP]   → CLARA-026-01-RCR.hc.g.vcf.gz
[2026-03-02 11:08:38] [PREP]   → CLARA-027-01-RFN.hc.g.vcf.gz
[2026-03-02 11:08:38] [PREP]   → CLARA-028-01-RFN.hc.g.vcf.gz
[2026-03-02 11:08:38] [PREP]   → CLARA-030-01-RFN.hc.g.vcf.gz
[2026-03-02 11:08:38] [PREP]   → CLARA-032-01-RCR.hc.g.vcf.gz
[2026-03-02 11:08:38] [PREP]   → CLARA-033-01-RCR.hc.g.vcf.gz
[2026-03-02 11:08:38] [PREP]   → CLARA-034-01-RCR.hc.g.vcf.gz
[2026-03-02 11:08:38] [PREP]   → CLARA-036-01-RCR.hc.g.vcf.gz
[2026-03-02 11:08:38] [PREP]   → CLARA-038-01-RCR.hc.g.vcf.gz
[2026-03-02 11:08:38] [PREP]   → CLARA-039-01-RCR.hc.g.vcf.gz
[2026-03-02 11:08:38] [PREP]   → CLARA-041-01-RFN.hc.g.vcf.gz
[2026-03-02 11:08:38] [PREP]   → CLARA-043-01-RCR.hc.g.vcf.gz
[2026-03-02 11:08:38] [PREP]   → CLARA-044-01-RFN.hc.g.vcf.gz
[2026-03-02 11:08:38] [PREP]   → CLARA-045-01-RFN.hc.g.vcf.gz
[2026-03-02 11:08:38] [PREP]   → CLARA-047-01-RFN.hc.g.vcf.gz
[2026-03-02 11:08:38] [PREP]   → CLARA-048-01-RFN.hc.g.vcf.gz
[2026-03-02 11:08:38] [PREP]   → CLARA-049-01-RCR.hc.g.vcf.gz
[2026-03-02 11:08:38] [PREP]   → CLARA-050-01-RCR.hc.g.vcf.gz
[2026-03-02 11:08:38] [PREP]   → CLARA-052-01-RFN.hc.g.vcf.gz
[2026-03-02 11:08:38] [PREP]   → CLARA-053-01-RFN.hc.g.vcf.gz
[2026-03-02 11:08:38] [PREP]   → CLARA-055-01-RFN.hc.g.vcf.gz
[2026-03-02 11:08:38] [PREP]   → CLARA-056-01-RFN.hc.g.vcf.gz
[2026-03-02 11:08:38] [PREP]   → CLARA-058-01-RFN.hc.g.vcf.gz
[2026-03-02 11:08:38] [PREP]   → CLARA-059-01-RFN.hc.g.vcf.gz
[2026-03-02 11:08:38] [PREP]   → CLARA-060-01-RCR.hc.g.vcf.gz
[2026-03-02 11:08:38] [PREP]   → CLARA-061-01-RCR.hc.g.vcf.gz
[2026-03-02 11:08:38] [PREP]   → CLARA-063-01-RFN.hc.g.vcf.gz
[2026-03-02 11:08:38] [PREP]   → CLARA-064-01-RFN.hc.g.vcf.gz
[2026-03-02 11:08:38] [PREP]   → CLARA-065-01-RFN.hc.g.vcf.gz
[2026-03-02 11:08:38] [PREP]   → CLARA-067-01-RFN.hc.g.vcf.gz
[2026-03-02 11:08:38] [PREP]   → CLARA-068-01-RCR.hc.g.vcf.gz
[2026-03-02 11:08:38] [PREP]   → CLARA-071-01-RFN.hc.g.vcf.gz
[2026-03-02 11:08:38] [PREP]   → CLARA-072-01-RCR.hc.g.vcf.gz
[2026-03-02 11:08:38] [PREP]   → CLARA-073-01-RFN.hc.g.vcf.gz
[2026-03-02 11:08:38] [PREP]   → CLARA-075-01-RFN.hc.g.vcf.gz
[2026-03-02 11:08:38] [PREP]   → CLARA-076-01-RCR.hc.g.vcf.gz
[2026-03-02 11:08:38] [PREP]   → CLARA-077-01-RCR.hc.g.vcf.gz
[2026-03-02 11:08:38] [PREP]   → CLARA-078-01-RFN.hc.g.vcf.gz
[2026-03-02 11:08:38] [PREP]   → CLARA-080-01-RFN.hc.g.vcf.gz
[2026-03-02 11:08:38] [PREP]   → CLARA-081-01-RFN.hc.g.vcf.gz
[2026-03-02 11:08:38] [PREP]   → CLARA-082-01-RFN.hc.g.vcf.gz
[2026-03-02 11:08:38] [PREP]   → CLARA-085-01-RFN.hc.g.vcf.gz
[2026-03-02 11:08:38] [PREP]   → CLARA-086-01-RFN.hc.g.vcf.gz
[2026-03-02 11:08:38] [PREP]   → CLARA-087-01-RFN.hc.g.vcf.gz
[2026-03-02 11:08:38] [PREP]   → CLARA-088-01-RFN.hc.g.vcf.gz
[2026-03-02 11:08:38] [PREP]   → CLARA-090-01-RFN.hc.g.vcf.gz
[2026-03-02 11:08:38] [PREP]   → CLARA-097-01-RCR.hc.g.vcf.gz
[2026-03-02 11:08:38] [PREP]   → CLARA-098-01-RCR.hc.g.vcf.gz
[2026-03-02 11:08:38] [PREP]   → CLARA-099-01-RFN.hc.g.vcf.gz
[2026-03-02 11:08:38] [PREP]   → CLARA-100-01-RFN.hc.g.vcf.gz
[2026-03-02 11:08:38] [PREP]   → CLARA-101-01-RCR.hc.g.vcf.gz
[2026-03-02 11:08:38] [PREP]   → CLARA-104-01-RFN.hc.g.vcf.gz
[2026-03-02 11:08:38] [PREP]   → CLARA-105-01-RFN.hc.g.vcf.gz
[2026-03-02 11:08:38] [PREP]   → CLARA-107-01-RCR.hc.g.vcf.gz
[2026-03-02 11:08:38] [PREP]   → CLARA-110-01-RCR.hc.g.vcf.gz
[2026-03-02 11:08:38] [PREP]   → CLARA-112-01-RFN.hc.g.vcf.gz
[2026-03-02 11:08:38] [PREP]   → CLARA-113-01-RFN.hc.g.vcf.gz
[2026-03-02 11:08:38] [PREP]   → CLARA-114-01-RFN.hc.g.vcf.gz
[2026-03-02 11:08:38] [PREP]   → CLARA-115-01-RCR.hc.g.vcf.gz
[2026-03-02 11:08:38] [PREP]   → CLARA-116-01-RCR.hc.g.vcf.gz
[2026-03-02 11:08:38] [PREP]   → CLARA-118-01-RFN.hc.g.vcf.gz
[2026-03-02 11:08:38] [PREP] dataset_90: created 90 symlinks in /nfs/theseus/Local_Collaborators/alepereira/gvcf_profiling/gvcf_stability_benchmark/benchmarks/01_prep/dataset_90/gvcfs
[2026-03-02 11:08:38] [PREP]   → CLARA-001-01-RFN.hc.g.vcf.gz
[2026-03-02 11:08:38] [PREP]   → CLARA-002-01-RCR.hc.g.vcf.gz
[2026-03-02 11:08:38] [PREP]   → CLARA-003-01-RFN.hc.g.vcf.gz
[2026-03-02 11:08:38] [PREP]   → CLARA-004-01-RFN.hc.g.vcf.gz
[2026-03-02 11:08:38] [PREP]   → CLARA-005-01-RFN.hc.g.vcf.gz
[2026-03-02 11:08:38] [PREP]   → CLARA-006-01-RCR.hc.g.vcf.gz
[2026-03-02 11:08:38] [PREP]   → CLARA-007-01-RFN.hc.g.vcf.gz
[2026-03-02 11:08:38] [PREP]   → CLARA-008-01-RCR.hc.g.vcf.gz
[2026-03-02 11:08:38] [PREP]   → CLARA-009-01-RFN.hc.g.vcf.gz
[2026-03-02 11:08:38] [PREP]   → CLARA-010-01-RNF.hc.g.vcf.gz
[2026-03-02 11:08:38] [PREP]   → CLARA-011-01-RNF.hc.g.vcf.gz
[2026-03-02 11:08:38] [PREP]   → CLARA-012-01-RFN.hc.g.vcf.gz
[2026-03-02 11:08:38] [PREP]   → CLARA-014-01-RFN.hc.g.vcf.gz
[2026-03-02 11:08:38] [PREP]   → CLARA-015-01-RFN.hc.g.vcf.gz
[2026-03-02 11:08:38] [PREP]   → CLARA-018-01-RCR.hc.g.vcf.gz
[2026-03-02 11:08:38] [PREP]   → CLARA-019-01-RCR.hc.g.vcf.gz
[2026-03-02 11:08:38] [PREP]   → CLARA-020-01-RFN.hc.g.vcf.gz
[2026-03-02 11:08:38] [PREP]   → CLARA-021-01-RCR.hc.g.vcf.gz
[2026-03-02 11:08:38] [PREP]   → CLARA-022-01-RFN.hc.g.vcf.gz
[2026-03-02 11:08:38] [PREP]   → CLARA-023-01-RFN.hc.g.vcf.gz
[2026-03-02 11:08:38] [PREP]   → CLARA-024-01-RCR.hc.g.vcf.gz
[2026-03-02 11:08:38] [PREP]   → CLARA-025-01-RCR.hc.g.vcf.gz
[2026-03-02 11:08:38] [PREP]   → CLARA-026-01-RCR.hc.g.vcf.gz
[2026-03-02 11:08:38] [PREP]   → CLARA-027-01-RFN.hc.g.vcf.gz
[2026-03-02 11:08:38] [PREP]   → CLARA-028-01-RFN.hc.g.vcf.gz
[2026-03-02 11:08:38] [PREP]   → CLARA-030-01-RFN.hc.g.vcf.gz
[2026-03-02 11:08:38] [PREP]   → CLARA-031-01-RFN.hc.g.vcf.gz
[2026-03-02 11:08:38] [PREP]   → CLARA-032-01-RCR.hc.g.vcf.gz
[2026-03-02 11:08:38] [PREP]   → CLARA-033-01-RCR.hc.g.vcf.gz
[2026-03-02 11:08:38] [PREP]   → CLARA-034-01-RCR.hc.g.vcf.gz
[2026-03-02 11:08:38] [PREP]   → CLARA-035-01-RCR.hc.g.vcf.gz
[2026-03-02 11:08:38] [PREP]   → CLARA-036-01-RCR.hc.g.vcf.gz
[2026-03-02 11:08:38] [PREP]   → CLARA-038-01-RCR.hc.g.vcf.gz
[2026-03-02 11:08:38] [PREP]   → CLARA-039-01-RCR.hc.g.vcf.gz
[2026-03-02 11:08:38] [PREP]   → CLARA-041-01-RFN.hc.g.vcf.gz
[2026-03-02 11:08:38] [PREP]   → CLARA-043-01-RCR.hc.g.vcf.gz
[2026-03-02 11:08:38] [PREP]   → CLARA-044-01-RFN.hc.g.vcf.gz
[2026-03-02 11:08:38] [PREP]   → CLARA-045-01-RFN.hc.g.vcf.gz
[2026-03-02 11:08:38] [PREP]   → CLARA-047-01-RFN.hc.g.vcf.gz
[2026-03-02 11:08:38] [PREP]   → CLARA-048-01-RFN.hc.g.vcf.gz
[2026-03-02 11:08:38] [PREP]   → CLARA-049-01-RCR.hc.g.vcf.gz
[2026-03-02 11:08:38] [PREP]   → CLARA-050-01-RCR.hc.g.vcf.gz
[2026-03-02 11:08:38] [PREP]   → CLARA-051-01-RFN.hc.g.vcf.gz
[2026-03-02 11:08:38] [PREP]   → CLARA-052-01-RFN.hc.g.vcf.gz
[2026-03-02 11:08:38] [PREP]   → CLARA-053-01-RFN.hc.g.vcf.gz
[2026-03-02 11:08:38] [PREP]   → CLARA-054-01-RFN.hc.g.vcf.gz
[2026-03-02 11:08:38] [PREP]   → CLARA-055-01-RFN.hc.g.vcf.gz
[2026-03-02 11:08:38] [PREP]   → CLARA-056-01-RFN.hc.g.vcf.gz
[2026-03-02 11:08:38] [PREP]   → CLARA-058-01-RFN.hc.g.vcf.gz
[2026-03-02 11:08:38] [PREP]   → CLARA-059-01-RFN.hc.g.vcf.gz
[2026-03-02 11:08:38] [PREP]   → CLARA-060-01-RCR.hc.g.vcf.gz
[2026-03-02 11:08:38] [PREP]   → CLARA-061-01-RCR.hc.g.vcf.gz
[2026-03-02 11:08:38] [PREP]   → CLARA-063-01-RFN.hc.g.vcf.gz
[2026-03-02 11:08:38] [PREP]   → CLARA-064-01-RFN.hc.g.vcf.gz
[2026-03-02 11:08:38] [PREP]   → CLARA-065-01-RFN.hc.g.vcf.gz
[2026-03-02 11:08:38] [PREP]   → CLARA-068-01-RCR.hc.g.vcf.gz
[2026-03-02 11:08:38] [PREP]   → CLARA-070-01-RCR.hc.g.vcf.gz
[2026-03-02 11:08:38] [PREP]   → CLARA-071-01-RFN.hc.g.vcf.gz
[2026-03-02 11:08:38] [PREP]   → CLARA-072-01-RCR.hc.g.vcf.gz
[2026-03-02 11:08:38] [PREP]   → CLARA-073-01-RFN.hc.g.vcf.gz
[2026-03-02 11:08:38] [PREP]   → CLARA-074-01-RFN.hc.g.vcf.gz
[2026-03-02 11:08:38] [PREP]   → CLARA-075-01-RFN.hc.g.vcf.gz
[2026-03-02 11:08:38] [PREP]   → CLARA-076-01-RCR.hc.g.vcf.gz
[2026-03-02 11:08:38] [PREP]   → CLARA-077-01-RCR.hc.g.vcf.gz
[2026-03-02 11:08:38] [PREP]   → CLARA-078-01-RFN.hc.g.vcf.gz
[2026-03-02 11:08:38] [PREP]   → CLARA-079-01-RCR.hc.g.vcf.gz
[2026-03-02 11:08:38] [PREP]   → CLARA-080-01-RFN.hc.g.vcf.gz
[2026-03-02 11:08:38] [PREP]   → CLARA-081-01-RFN.hc.g.vcf.gz
[2026-03-02 11:08:38] [PREP]   → CLARA-084-01-RCR.hc.g.vcf.gz
[2026-03-02 11:08:38] [PREP]   → CLARA-085-01-RFN.hc.g.vcf.gz
[2026-03-02 11:08:38] [PREP]   → CLARA-087-01-RFN.hc.g.vcf.gz
[2026-03-02 11:08:38] [PREP]   → CLARA-088-01-RFN.hc.g.vcf.gz
[2026-03-02 11:08:38] [PREP]   → CLARA-089-01-RCR.hc.g.vcf.gz
[2026-03-02 11:08:38] [PREP]   → CLARA-090-01-RFN.hc.g.vcf.gz
[2026-03-02 11:08:38] [PREP]   → CLARA-097-01-RCR.hc.g.vcf.gz
[2026-03-02 11:08:38] [PREP]   → CLARA-098-01-RCR.hc.g.vcf.gz
[2026-03-02 11:08:38] [PREP]   → CLARA-099-01-RFN.hc.g.vcf.gz
[2026-03-02 11:08:38] [PREP]   → CLARA-100-01-RFN.hc.g.vcf.gz
[2026-03-02 11:08:38] [PREP]   → CLARA-101-01-RCR.hc.g.vcf.gz
[2026-03-02 11:08:38] [PREP]   → CLARA-103-01-RCR.hc.g.vcf.gz
[2026-03-02 11:08:38] [PREP]   → CLARA-105-01-RFN.hc.g.vcf.gz
[2026-03-02 11:08:38] [PREP]   → CLARA-108-01-RFN.hc.g.vcf.gz
[2026-03-02 11:08:38] [PREP]   → CLARA-109-01-RFN.hc.g.vcf.gz
[2026-03-02 11:08:38] [PREP]   → CLARA-110-01-RCR.hc.g.vcf.gz
[2026-03-02 11:08:38] [PREP]   → CLARA-111-01-RCR.hc.g.vcf.gz
[2026-03-02 11:08:38] [PREP]   → CLARA-114-01-RFN.hc.g.vcf.gz
[2026-03-02 11:08:38] [PREP]   → CLARA-115-01-RCR.hc.g.vcf.gz
[2026-03-02 11:08:38] [PREP]   → CLARA-116-01-RCR.hc.g.vcf.gz
[2026-03-02 11:08:38] [PREP]   → CLARA-117-01-RCR.hc.g.vcf.gz
[2026-03-02 11:08:38] [PREP]   → CLARA-118-01-RFN.hc.g.vcf.gz
[2026-03-02 11:08:38] [PREP] dataset_100: created 100 symlinks in /nfs/theseus/Local_Collaborators/alepereira/gvcf_profiling/gvcf_stability_benchmark/benchmarks/01_prep/dataset_100/gvcfs
[2026-03-02 11:08:38] [PREP]   → CLARA-001-01-RFN.hc.g.vcf.gz
[2026-03-02 11:08:38] [PREP]   → CLARA-002-01-RCR.hc.g.vcf.gz
[2026-03-02 11:08:38] [PREP]   → CLARA-003-01-RFN.hc.g.vcf.gz
[2026-03-02 11:08:38] [PREP]   → CLARA-004-01-RFN.hc.g.vcf.gz
[2026-03-02 11:08:38] [PREP]   → CLARA-005-01-RFN.hc.g.vcf.gz
[2026-03-02 11:08:38] [PREP]   → CLARA-006-01-RCR.hc.g.vcf.gz
[2026-03-02 11:08:38] [PREP]   → CLARA-007-01-RFN.hc.g.vcf.gz
[2026-03-02 11:08:38] [PREP]   → CLARA-008-01-RCR.hc.g.vcf.gz
[2026-03-02 11:08:38] [PREP]   → CLARA-009-01-RFN.hc.g.vcf.gz
[2026-03-02 11:08:38] [PREP]   → CLARA-010-01-RNF.hc.g.vcf.gz
[2026-03-02 11:08:38] [PREP]   → CLARA-011-01-RNF.hc.g.vcf.gz
[2026-03-02 11:08:38] [PREP]   → CLARA-012-01-RFN.hc.g.vcf.gz
[2026-03-02 11:08:38] [PREP]   → CLARA-013-01-RFN.hc.g.vcf.gz
[2026-03-02 11:08:38] [PREP]   → CLARA-014-01-RFN.hc.g.vcf.gz
[2026-03-02 11:08:38] [PREP]   → CLARA-015-01-RFN.hc.g.vcf.gz
[2026-03-02 11:08:38] [PREP]   → CLARA-016-01-RFN.hc.g.vcf.gz
[2026-03-02 11:08:38] [PREP]   → CLARA-018-01-RCR.hc.g.vcf.gz
[2026-03-02 11:08:38] [PREP]   → CLARA-019-01-RCR.hc.g.vcf.gz
[2026-03-02 11:08:38] [PREP]   → CLARA-020-01-RFN.hc.g.vcf.gz
[2026-03-02 11:08:38] [PREP]   → CLARA-021-01-RCR.hc.g.vcf.gz
[2026-03-02 11:08:38] [PREP]   → CLARA-022-01-RFN.hc.g.vcf.gz
[2026-03-02 11:08:38] [PREP]   → CLARA-023-01-RFN.hc.g.vcf.gz
[2026-03-02 11:08:38] [PREP]   → CLARA-024-01-RCR.hc.g.vcf.gz
[2026-03-02 11:08:38] [PREP]   → CLARA-025-01-RCR.hc.g.vcf.gz
[2026-03-02 11:08:38] [PREP]   → CLARA-026-01-RCR.hc.g.vcf.gz
[2026-03-02 11:08:38] [PREP]   → CLARA-027-01-RFN.hc.g.vcf.gz
[2026-03-02 11:08:38] [PREP]   → CLARA-028-01-RFN.hc.g.vcf.gz
[2026-03-02 11:08:38] [PREP]   → CLARA-030-01-RFN.hc.g.vcf.gz
[2026-03-02 11:08:38] [PREP]   → CLARA-031-01-RFN.hc.g.vcf.gz
[2026-03-02 11:08:38] [PREP]   → CLARA-032-01-RCR.hc.g.vcf.gz
[2026-03-02 11:08:38] [PREP]   → CLARA-033-01-RCR.hc.g.vcf.gz
[2026-03-02 11:08:38] [PREP]   → CLARA-034-01-RCR.hc.g.vcf.gz
[2026-03-02 11:08:38] [PREP]   → CLARA-035-01-RCR.hc.g.vcf.gz
[2026-03-02 11:08:38] [PREP]   → CLARA-036-01-RCR.hc.g.vcf.gz
[2026-03-02 11:08:38] [PREP]   → CLARA-038-01-RCR.hc.g.vcf.gz
[2026-03-02 11:08:38] [PREP]   → CLARA-039-01-RCR.hc.g.vcf.gz
[2026-03-02 11:08:38] [PREP]   → CLARA-041-01-RFN.hc.g.vcf.gz
[2026-03-02 11:08:38] [PREP]   → CLARA-043-01-RCR.hc.g.vcf.gz
[2026-03-02 11:08:38] [PREP]   → CLARA-044-01-RFN.hc.g.vcf.gz
[2026-03-02 11:08:38] [PREP]   → CLARA-045-01-RFN.hc.g.vcf.gz
[2026-03-02 11:08:38] [PREP]   → CLARA-047-01-RFN.hc.g.vcf.gz
[2026-03-02 11:08:38] [PREP]   → CLARA-048-01-RFN.hc.g.vcf.gz
[2026-03-02 11:08:38] [PREP]   → CLARA-049-01-RCR.hc.g.vcf.gz
[2026-03-02 11:08:38] [PREP]   → CLARA-050-01-RCR.hc.g.vcf.gz
[2026-03-02 11:08:38] [PREP]   → CLARA-051-01-RFN.hc.g.vcf.gz
[2026-03-02 11:08:38] [PREP]   → CLARA-052-01-RFN.hc.g.vcf.gz
[2026-03-02 11:08:38] [PREP]   → CLARA-053-01-RFN.hc.g.vcf.gz
[2026-03-02 11:08:38] [PREP]   → CLARA-054-01-RFN.hc.g.vcf.gz
[2026-03-02 11:08:38] [PREP]   → CLARA-055-01-RFN.hc.g.vcf.gz
[2026-03-02 11:08:38] [PREP]   → CLARA-056-01-RFN.hc.g.vcf.gz
[2026-03-02 11:08:38] [PREP]   → CLARA-058-01-RFN.hc.g.vcf.gz
[2026-03-02 11:08:38] [PREP]   → CLARA-059-01-RFN.hc.g.vcf.gz
[2026-03-02 11:08:38] [PREP]   → CLARA-060-01-RCR.hc.g.vcf.gz
[2026-03-02 11:08:38] [PREP]   → CLARA-061-01-RCR.hc.g.vcf.gz
[2026-03-02 11:08:38] [PREP]   → CLARA-063-01-RFN.hc.g.vcf.gz
[2026-03-02 11:08:38] [PREP]   → CLARA-064-01-RFN.hc.g.vcf.gz
[2026-03-02 11:08:38] [PREP]   → CLARA-065-01-RFN.hc.g.vcf.gz
[2026-03-02 11:08:38] [PREP]   → CLARA-067-01-RFN.hc.g.vcf.gz
[2026-03-02 11:08:38] [PREP]   → CLARA-068-01-RCR.hc.g.vcf.gz
[2026-03-02 11:08:38] [PREP]   → CLARA-070-01-RCR.hc.g.vcf.gz
[2026-03-02 11:08:38] [PREP]   → CLARA-071-01-RFN.hc.g.vcf.gz
[2026-03-02 11:08:38] [PREP]   → CLARA-072-01-RCR.hc.g.vcf.gz
[2026-03-02 11:08:38] [PREP]   → CLARA-073-01-RFN.hc.g.vcf.gz
[2026-03-02 11:08:38] [PREP]   → CLARA-074-01-RFN.hc.g.vcf.gz
[2026-03-02 11:08:38] [PREP]   → CLARA-075-01-RFN.hc.g.vcf.gz
[2026-03-02 11:08:38] [PREP]   → CLARA-076-01-RCR.hc.g.vcf.gz
[2026-03-02 11:08:38] [PREP]   → CLARA-077-01-RCR.hc.g.vcf.gz
[2026-03-02 11:08:38] [PREP]   → CLARA-078-01-RFN.hc.g.vcf.gz
[2026-03-02 11:08:38] [PREP]   → CLARA-079-01-RCR.hc.g.vcf.gz
[2026-03-02 11:08:38] [PREP]   → CLARA-080-01-RFN.hc.g.vcf.gz
[2026-03-02 11:08:38] [PREP]   → CLARA-081-01-RFN.hc.g.vcf.gz
[2026-03-02 11:08:38] [PREP]   → CLARA-082-01-RFN.hc.g.vcf.gz
[2026-03-02 11:08:38] [PREP]   → CLARA-084-01-RCR.hc.g.vcf.gz
[2026-03-02 11:08:38] [PREP]   → CLARA-085-01-RFN.hc.g.vcf.gz
[2026-03-02 11:08:38] [PREP]   → CLARA-086-01-RFN.hc.g.vcf.gz
[2026-03-02 11:08:38] [PREP]   → CLARA-087-01-RFN.hc.g.vcf.gz
[2026-03-02 11:08:38] [PREP]   → CLARA-088-01-RFN.hc.g.vcf.gz
[2026-03-02 11:08:38] [PREP]   → CLARA-089-01-RCR.hc.g.vcf.gz
[2026-03-02 11:08:38] [PREP]   → CLARA-090-01-RFN.hc.g.vcf.gz
[2026-03-02 11:08:38] [PREP]   → CLARA-091-01-RFN.hc.g.vcf.gz
[2026-03-02 11:08:38] [PREP]   → CLARA-097-01-RCR.hc.g.vcf.gz
[2026-03-02 11:08:38] [PREP]   → CLARA-098-01-RCR.hc.g.vcf.gz
[2026-03-02 11:08:38] [PREP]   → CLARA-099-01-RFN.hc.g.vcf.gz
[2026-03-02 11:08:38] [PREP]   → CLARA-100-01-RFN.hc.g.vcf.gz
[2026-03-02 11:08:38] [PREP]   → CLARA-101-01-RCR.hc.g.vcf.gz
[2026-03-02 11:08:38] [PREP]   → CLARA-103-01-RCR.hc.g.vcf.gz
[2026-03-02 11:08:38] [PREP]   → CLARA-104-01-RFN.hc.g.vcf.gz
[2026-03-02 11:08:38] [PREP]   → CLARA-105-01-RFN.hc.g.vcf.gz
[2026-03-02 11:08:38] [PREP]   → CLARA-107-01-RCR.hc.g.vcf.gz
[2026-03-02 11:08:38] [PREP]   → CLARA-108-01-RFN.hc.g.vcf.gz
[2026-03-02 11:08:38] [PREP]   → CLARA-109-01-RFN.hc.g.vcf.gz
[2026-03-02 11:08:38] [PREP]   → CLARA-110-01-RCR.hc.g.vcf.gz
[2026-03-02 11:08:38] [PREP]   → CLARA-111-01-RCR.hc.g.vcf.gz
[2026-03-02 11:08:38] [PREP]   → CLARA-112-01-RFN.hc.g.vcf.gz
[2026-03-02 11:08:38] [PREP]   → CLARA-113-01-RFN.hc.g.vcf.gz
[2026-03-02 11:08:38] [PREP]   → CLARA-114-01-RFN.hc.g.vcf.gz
[2026-03-02 11:08:38] [PREP]   → CLARA-115-01-RCR.hc.g.vcf.gz
[2026-03-02 11:08:38] [PREP]   → CLARA-116-01-RCR.hc.g.vcf.gz
[2026-03-02 11:08:38] [PREP]   → CLARA-117-01-RCR.hc.g.vcf.gz
[2026-03-02 11:08:38] [PREP]   → CLARA-118-01-RFN.hc.g.vcf.gz
[2026-03-02 11:08:38] [PREP] ------------------------------------------------------------
[2026-03-02 11:08:38] [PREP]   dataset_ 10: created (10 files)
[2026-03-02 11:08:38] [PREP]   dataset_ 20: created (20 files)
[2026-03-02 11:08:38] [PREP]   dataset_ 30: created (30 files)
[2026-03-02 11:08:38] [PREP]   dataset_ 40: created (40 files)
[2026-03-02 11:08:38] [PREP]   dataset_ 50: created (50 files)
[2026-03-02 11:08:38] [PREP]   dataset_ 60: created (60 files)
[2026-03-02 11:08:38] [PREP]   dataset_ 70: created (70 files)
[2026-03-02 11:08:38] [PREP]   dataset_ 80: created (80 files)
[2026-03-02 11:08:38] [PREP]   dataset_ 90: created (90 files)
[2026-03-02 11:08:38] [PREP]   dataset_100: created (100 files)
[2026-03-02 11:08:38] [PREP] Summary: 10 created, 0 skipped, 0 failed
[2026-03-02 11:08:38] [PREP] Dataset preparation complete.
[2026-03-02 11:13:18] [PREP] ============================================================
[2026-03-02 11:13:18] [PREP] GVCF Scalability Benchmark — Dataset Preparation
[2026-03-02 11:13:18] [PREP] Input directory : /nfs/theseus/Local_Collaborators/alepereira/gvcf_profiling/gvcf_stability_benchmark/input_gvcfs
[2026-03-02 11:13:18] [PREP] Output directory: /nfs/theseus/Local_Collaborators/alepereira/gvcf_profiling/gvcf_stability_benchmark/benchmarks/01_prep
[2026-03-02 11:13:18] [PREP] Dataset sizes   : [10, 20, 30, 40, 50, 60, 70, 80, 90, 100]
[2026-03-02 11:13:18] [PREP] Random seed     : 42
[2026-03-02 11:13:18] [PREP] ============================================================
[2026-03-02 11:13:18] [PREP] Discovered 100 GVCF files in pool
[2026-03-02 11:13:18] [PREP] Pool list written to /nfs/theseus/Local_Collaborators/alepereira/gvcf_profiling/gvcf_stability_benchmark/benchmarks/01_prep/all_gvcfs.txt
[2026-03-02 11:13:18] [PREP] dataset_10: already prepared — skipping (use --force to redo)
[2026-03-02 11:13:18] [PREP] dataset_20: already prepared — skipping (use --force to redo)
[2026-03-02 11:13:18] [PREP] dataset_30: already prepared — skipping (use --force to redo)
[2026-03-02 11:13:18] [PREP] dataset_40: already prepared — skipping (use --force to redo)
[2026-03-02 11:13:18] [PREP] dataset_50: already prepared — skipping (use --force to redo)
[2026-03-02 11:13:18] [PREP] dataset_60: already prepared — skipping (use --force to redo)
[2026-03-02 11:13:18] [PREP] dataset_70: already prepared — skipping (use --force to redo)
[2026-03-02 11:13:18] [PREP] dataset_80: already prepared — skipping (use --force to redo)
[2026-03-02 11:13:18] [PREP] dataset_90: already prepared — skipping (use --force to redo)
[2026-03-02 11:13:18] [PREP] dataset_100: already prepared — skipping (use --force to redo)
[2026-03-02 11:13:18] [PREP] ------------------------------------------------------------
[2026-03-02 11:13:18] [PREP]   dataset_ 10: skipped (10 files)
[2026-03-02 11:13:18] [PREP]   dataset_ 20: skipped (20 files)
[2026-03-02 11:13:18] [PREP]   dataset_ 30: skipped (30 files)
[2026-03-02 11:13:18] [PREP]   dataset_ 40: skipped (40 files)
[2026-03-02 11:13:18] [PREP]   dataset_ 50: skipped (50 files)
[2026-03-02 11:13:18] [PREP]   dataset_ 60: skipped (60 files)
[2026-03-02 11:13:18] [PREP]   dataset_ 70: skipped (70 files)
[2026-03-02 11:13:18] [PREP]   dataset_ 80: skipped (80 files)
[2026-03-02 11:13:18] [PREP]   dataset_ 90: skipped (90 files)
[2026-03-02 11:13:18] [PREP]   dataset_100: skipped (100 files)
[2026-03-02 11:13:18] [PREP] Summary: 0 created, 10 skipped, 0 failed
[2026-03-02 11:13:18] [PREP] Dataset preparation complete.
[2026-03-02 11:16:25] [PREP] ============================================================
[2026-03-02 11:16:25] [PREP] GVCF Scalability Benchmark — Dataset Preparation
[2026-03-02 11:16:25] [PREP] Input directory : /nfs/theseus/Local_Collaborators/alepereira/gvcf_profiling/gvcf_stability_benchmark/input_gvcfs
[2026-03-02 11:16:25] [PREP] Output directory: /nfs/theseus/Local_Collaborators/alepereira/gvcf_profiling/gvcf_stability_benchmark/benchmarks/01_prep
[2026-03-02 11:16:25] [PREP] Dataset sizes   : [10, 20, 30, 40, 50, 60, 70, 80, 90, 100]
[2026-03-02 11:16:25] [PREP] Random seed     : 42
[2026-03-02 11:16:25] [PREP] ============================================================
[2026-03-02 11:16:25] [PREP] Discovered 100 GVCF files in pool
[2026-03-02 11:16:25] [PREP] Pool list written to /nfs/theseus/Local_Collaborators/alepereira/gvcf_profiling/gvcf_stability_benchmark/benchmarks/01_prep/all_gvcfs.txt
[2026-03-02 11:16:25] [PREP] dataset_10: already prepared — skipping (use --force to redo)
[2026-03-02 11:16:25] [PREP] dataset_20: already prepared — skipping (use --force to redo)
[2026-03-02 11:16:25] [PREP] dataset_30: already prepared — skipping (use --force to redo)
[2026-03-02 11:16:25] [PREP] dataset_40: already prepared — skipping (use --force to redo)
[2026-03-02 11:16:25] [PREP] dataset_50: already prepared — skipping (use --force to redo)
[2026-03-02 11:16:25] [PREP] dataset_60: already prepared — skipping (use --force to redo)
[2026-03-02 11:16:25] [PREP] dataset_70: already prepared — skipping (use --force to redo)
[2026-03-02 11:16:25] [PREP] dataset_80: already prepared — skipping (use --force to redo)
[2026-03-02 11:16:25] [PREP] dataset_90: already prepared — skipping (use --force to redo)
[2026-03-02 11:16:25] [PREP] dataset_100: already prepared — skipping (use --force to redo)
[2026-03-02 11:16:25] [PREP] ------------------------------------------------------------
[2026-03-02 11:16:25] [PREP]   dataset_ 10: skipped (10 files)
[2026-03-02 11:16:25] [PREP]   dataset_ 20: skipped (20 files)
[2026-03-02 11:16:25] [PREP]   dataset_ 30: skipped (30 files)
[2026-03-02 11:16:25] [PREP]   dataset_ 40: skipped (40 files)
[2026-03-02 11:16:25] [PREP]   dataset_ 50: skipped (50 files)
[2026-03-02 11:16:25] [PREP]   dataset_ 60: skipped (60 files)
[2026-03-02 11:16:25] [PREP]   dataset_ 70: skipped (70 files)
[2026-03-02 11:16:25] [PREP]   dataset_ 80: skipped (80 files)
[2026-03-02 11:16:25] [PREP]   dataset_ 90: skipped (90 files)
[2026-03-02 11:16:25] [PREP]   dataset_100: skipped (100 files)
[2026-03-02 11:16:25] [PREP] Summary: 0 created, 10 skipped, 0 failed
[2026-03-02 11:16:25] [PREP] Dataset preparation complete.
[2026-03-02 11:34:01] [PREP] ============================================================
[2026-03-02 11:34:01] [PREP] GVCF Scalability Benchmark — Dataset Preparation
[2026-03-02 11:34:01] [PREP] Input directory : /nfs/theseus/Local_Collaborators/alepereira/gvcf_profiling/gvcf_stability_benchmark/input_gvcfs
[2026-03-02 11:34:01] [PREP] Output directory: /nfs/theseus/Local_Collaborators/alepereira/gvcf_profiling/gvcf_stability_benchmark/benchmarks/01_prep
[2026-03-02 11:34:01] [PREP] Dataset sizes   : [10, 20, 30, 40, 50, 60, 70, 80, 90, 100]
[2026-03-02 11:34:01] [PREP] Random seed     : 42
[2026-03-02 11:34:01] [PREP] ============================================================
[2026-03-02 11:34:01] [PREP] Discovered 100 GVCF files in pool
[2026-03-02 11:34:01] [PREP] Pool list written to /nfs/theseus/Local_Collaborators/alepereira/gvcf_profiling/gvcf_stability_benchmark/benchmarks/01_prep/all_gvcfs.txt
[2026-03-02 11:34:01] [PREP] dataset_10: already prepared — skipping (use --force to redo)
[2026-03-02 11:34:01] [PREP] dataset_20: already prepared — skipping (use --force to redo)
[2026-03-02 11:34:01] [PREP] dataset_30: already prepared — skipping (use --force to redo)
[2026-03-02 11:34:01] [PREP] dataset_40: already prepared — skipping (use --force to redo)
[2026-03-02 11:34:01] [PREP] dataset_50: already prepared — skipping (use --force to redo)
[2026-03-02 11:34:01] [PREP] dataset_60: already prepared — skipping (use --force to redo)
[2026-03-02 11:34:01] [PREP] dataset_70: already prepared — skipping (use --force to redo)
[2026-03-02 11:34:01] [PREP] dataset_80: already prepared — skipping (use --force to redo)
[2026-03-02 11:34:01] [PREP] dataset_90: already prepared — skipping (use --force to redo)
[2026-03-02 11:34:01] [PREP] dataset_100: already prepared — skipping (use --force to redo)
[2026-03-02 11:34:01] [PREP] ------------------------------------------------------------
[2026-03-02 11:34:01] [PREP]   dataset_ 10: skipped (10 files)
[2026-03-02 11:34:01] [PREP]   dataset_ 20: skipped (20 files)
[2026-03-02 11:34:01] [PREP]   dataset_ 30: skipped (30 files)
[2026-03-02 11:34:01] [PREP]   dataset_ 40: skipped (40 files)
[2026-03-02 11:34:01] [PREP]   dataset_ 50: skipped (50 files)
[2026-03-02 11:34:01] [PREP]   dataset_ 60: skipped (60 files)
[2026-03-02 11:34:01] [PREP]   dataset_ 70: skipped (70 files)
[2026-03-02 11:34:01] [PREP]   dataset_ 80: skipped (80 files)
[2026-03-02 11:34:01] [PREP]   dataset_ 90: skipped (90 files)
[2026-03-02 11:34:01] [PREP]   dataset_100: skipped (100 files)
[2026-03-02 11:34:01] [PREP] Summary: 0 created, 10 skipped, 0 failed
[2026-03-02 11:34:01] [PREP] Dataset preparation complete.
[2026-03-02 11:36:04] [PREP] ============================================================
[2026-03-02 11:36:04] [PREP] GVCF Scalability Benchmark — Dataset Preparation
[2026-03-02 11:36:04] [PREP] Input directory : /nfs/theseus/Local_Collaborators/alepereira/gvcf_profiling/gvcf_stability_benchmark/input_gvcfs
[2026-03-02 11:36:04] [PREP] Output directory: /nfs/theseus/Local_Collaborators/alepereira/gvcf_profiling/gvcf_stability_benchmark/benchmarks/01_prep
[2026-03-02 11:36:04] [PREP] Dataset sizes   : [10, 20, 30, 40, 50, 60, 70, 80, 90, 100]
[2026-03-02 11:36:04] [PREP] Random seed     : 42
[2026-03-02 11:36:04] [PREP] ============================================================
[2026-03-02 11:36:04] [PREP] Discovered 100 GVCF files in pool
[2026-03-02 11:36:04] [PREP] Pool list written to /nfs/theseus/Local_Collaborators/alepereira/gvcf_profiling/gvcf_stability_benchmark/benchmarks/01_prep/all_gvcfs.txt
[2026-03-02 11:36:04] [PREP] dataset_10: already prepared — skipping (use --force to redo)
[2026-03-02 11:36:04] [PREP] dataset_20: already prepared — skipping (use --force to redo)
[2026-03-02 11:36:04] [PREP] dataset_30: already prepared — skipping (use --force to redo)
[2026-03-02 11:36:04] [PREP] dataset_40: already prepared — skipping (use --force to redo)
[2026-03-02 11:36:04] [PREP] dataset_50: already prepared — skipping (use --force to redo)
[2026-03-02 11:36:04] [PREP] dataset_60: already prepared — skipping (use --force to redo)
[2026-03-02 11:36:04] [PREP] dataset_70: already prepared — skipping (use --force to redo)
[2026-03-02 11:36:04] [PREP] dataset_80: already prepared — skipping (use --force to redo)
[2026-03-02 11:36:04] [PREP] dataset_90: already prepared — skipping (use --force to redo)
[2026-03-02 11:36:04] [PREP] dataset_100: already prepared — skipping (use --force to redo)
[2026-03-02 11:36:04] [PREP] ------------------------------------------------------------
[2026-03-02 11:36:04] [PREP]   dataset_ 10: skipped (10 files)
[2026-03-02 11:36:04] [PREP]   dataset_ 20: skipped (20 files)
[2026-03-02 11:36:04] [PREP]   dataset_ 30: skipped (30 files)
[2026-03-02 11:36:04] [PREP]   dataset_ 40: skipped (40 files)
[2026-03-02 11:36:04] [PREP]   dataset_ 50: skipped (50 files)
[2026-03-02 11:36:04] [PREP]   dataset_ 60: skipped (60 files)
[2026-03-02 11:36:04] [PREP]   dataset_ 70: skipped (70 files)
[2026-03-02 11:36:04] [PREP]   dataset_ 80: skipped (80 files)
[2026-03-02 11:36:04] [PREP]   dataset_ 90: skipped (90 files)
[2026-03-02 11:36:04] [PREP]   dataset_100: skipped (100 files)
[2026-03-02 11:36:04] [PREP] Summary: 0 created, 10 skipped, 0 failed
[2026-03-02 11:36:04] [PREP] Dataset preparation complete.
[2026-03-02 11:43:14] [PREP] ============================================================
[2026-03-02 11:43:14] [PREP] GVCF Scalability Benchmark — Dataset Preparation
[2026-03-02 11:43:14] [PREP] Input directory : /nfs/theseus/Local_Collaborators/alepereira/gvcf_profiling/gvcf_stability_benchmark/input_gvcfs
[2026-03-02 11:43:14] [PREP] Output directory: /nfs/theseus/Local_Collaborators/alepereira/gvcf_profiling/gvcf_stability_benchmark/benchmarks/01_prep
[2026-03-02 11:43:14] [PREP] Dataset sizes   : [10, 20, 30, 40, 50, 60, 70, 80, 90, 100]
[2026-03-02 11:43:14] [PREP] Random seed     : 42
[2026-03-02 11:43:14] [PREP] ============================================================
[2026-03-02 11:43:14] [PREP] Discovered 100 GVCF files in pool
[2026-03-02 11:43:14] [PREP] Pool list written to /nfs/theseus/Local_Collaborators/alepereira/gvcf_profiling/gvcf_stability_benchmark/benchmarks/01_prep/all_gvcfs.txt
[2026-03-02 11:43:14] [PREP] dataset_10: already prepared — skipping (use --force to redo)
[2026-03-02 11:43:14] [PREP] dataset_20: already prepared — skipping (use --force to redo)
[2026-03-02 11:43:14] [PREP] dataset_30: already prepared — skipping (use --force to redo)
[2026-03-02 11:43:14] [PREP] dataset_40: already prepared — skipping (use --force to redo)
[2026-03-02 11:43:14] [PREP] dataset_50: already prepared — skipping (use --force to redo)
[2026-03-02 11:43:14] [PREP] dataset_60: already prepared — skipping (use --force to redo)
[2026-03-02 11:43:14] [PREP] dataset_70: already prepared — skipping (use --force to redo)
[2026-03-02 11:43:14] [PREP] dataset_80: already prepared — skipping (use --force to redo)
[2026-03-02 11:43:14] [PREP] dataset_90: already prepared — skipping (use --force to redo)
[2026-03-02 11:43:14] [PREP] dataset_100: already prepared — skipping (use --force to redo)
[2026-03-02 11:43:14] [PREP] ------------------------------------------------------------
[2026-03-02 11:43:14] [PREP]   dataset_ 10: skipped (10 files)
[2026-03-02 11:43:14] [PREP]   dataset_ 20: skipped (20 files)
[2026-03-02 11:43:14] [PREP]   dataset_ 30: skipped (30 files)
[2026-03-02 11:43:14] [PREP]   dataset_ 40: skipped (40 files)
[2026-03-02 11:43:14] [PREP]   dataset_ 50: skipped (50 files)
[2026-03-02 11:43:14] [PREP]   dataset_ 60: skipped (60 files)
[2026-03-02 11:43:14] [PREP]   dataset_ 70: skipped (70 files)
[2026-03-02 11:43:14] [PREP]   dataset_ 80: skipped (80 files)
[2026-03-02 11:43:14] [PREP]   dataset_ 90: skipped (90 files)
[2026-03-02 11:43:14] [PREP]   dataset_100: skipped (100 files)
[2026-03-02 11:43:14] [PREP] Summary: 0 created, 10 skipped, 0 failed
[2026-03-02 11:43:14] [PREP] Dataset preparation complete.
[2026-03-02 11:55:05] [PREP] ============================================================
[2026-03-02 11:55:05] [PREP] GVCF Scalability Benchmark — Dataset Preparation
[2026-03-02 11:55:05] [PREP] Input directory : /nfs/theseus/Local_Collaborators/alepereira/gvcf_profiling/gvcf_stability_benchmark/input_gvcfs
[2026-03-02 11:55:05] [PREP] Output directory: /nfs/theseus/Local_Collaborators/alepereira/gvcf_profiling/gvcf_stability_benchmark/benchmarks/01_prep
[2026-03-02 11:55:05] [PREP] Dataset sizes   : [10, 20, 30, 40, 50, 60, 70, 80, 90, 100]
[2026-03-02 11:55:05] [PREP] Random seed     : 42
[2026-03-02 11:55:05] [PREP] ============================================================
[2026-03-02 11:55:05] [PREP] Discovered 100 GVCF files in pool
[2026-03-02 11:55:05] [PREP] Pool list written to /nfs/theseus/Local_Collaborators/alepereira/gvcf_profiling/gvcf_stability_benchmark/benchmarks/01_prep/all_gvcfs.txt
[2026-03-02 11:55:05] [PREP] dataset_10: already prepared — skipping (use --force to redo)
[2026-03-02 11:55:05] [PREP] dataset_20: already prepared — skipping (use --force to redo)
[2026-03-02 11:55:05] [PREP] dataset_30: already prepared — skipping (use --force to redo)
[2026-03-02 11:55:05] [PREP] dataset_40: already prepared — skipping (use --force to redo)
[2026-03-02 11:55:05] [PREP] dataset_50: already prepared — skipping (use --force to redo)
[2026-03-02 11:55:05] [PREP] dataset_60: already prepared — skipping (use --force to redo)
[2026-03-02 11:55:05] [PREP] dataset_70: already prepared — skipping (use --force to redo)
[2026-03-02 11:55:05] [PREP] dataset_80: already prepared — skipping (use --force to redo)
[2026-03-02 11:55:05] [PREP] dataset_90: already prepared — skipping (use --force to redo)
[2026-03-02 11:55:05] [PREP] dataset_100: already prepared — skipping (use --force to redo)
[2026-03-02 11:55:05] [PREP] ------------------------------------------------------------
[2026-03-02 11:55:05] [PREP]   dataset_ 10: skipped (10 files)
[2026-03-02 11:55:05] [PREP]   dataset_ 20: skipped (20 files)
[2026-03-02 11:55:05] [PREP]   dataset_ 30: skipped (30 files)
[2026-03-02 11:55:05] [PREP]   dataset_ 40: skipped (40 files)
[2026-03-02 11:55:05] [PREP]   dataset_ 50: skipped (50 files)
[2026-03-02 11:55:05] [PREP]   dataset_ 60: skipped (60 files)
[2026-03-02 11:55:05] [PREP]   dataset_ 70: skipped (70 files)
[2026-03-02 11:55:05] [PREP]   dataset_ 80: skipped (80 files)
[2026-03-02 11:55:05] [PREP]   dataset_ 90: skipped (90 files)
[2026-03-02 11:55:05] [PREP]   dataset_100: skipped (100 files)
[2026-03-02 11:55:05] [PREP] Summary: 0 created, 10 skipped, 0 failed
[2026-03-02 11:55:05] [PREP] Dataset preparation complete.
[2026-03-02 11:58:05] [PREP] ============================================================
[2026-03-02 11:58:05] [PREP] GVCF Scalability Benchmark — Dataset Preparation
[2026-03-02 11:58:05] [PREP] Input directory : /nfs/theseus/Local_Collaborators/alepereira/gvcf_profiling/gvcf_stability_benchmark/input_gvcfs
[2026-03-02 11:58:05] [PREP] Output directory: /nfs/theseus/Local_Collaborators/alepereira/gvcf_profiling/gvcf_stability_benchmark/benchmarks/01_prep
[2026-03-02 11:58:05] [PREP] Dataset sizes   : [10, 20, 30, 40, 50, 60, 70, 80, 90, 100]
[2026-03-02 11:58:05] [PREP] Random seed     : 42
[2026-03-02 11:58:05] [PREP] ============================================================
[2026-03-02 11:58:05] [PREP] Discovered 100 GVCF files in pool
[2026-03-02 11:58:05] [PREP] Pool list written to /nfs/theseus/Local_Collaborators/alepereira/gvcf_profiling/gvcf_stability_benchmark/benchmarks/01_prep/all_gvcfs.txt
[2026-03-02 11:58:05] [PREP] dataset_10: already prepared — skipping (use --force to redo)
[2026-03-02 11:58:05] [PREP] dataset_20: already prepared — skipping (use --force to redo)
[2026-03-02 11:58:05] [PREP] dataset_30: already prepared — skipping (use --force to redo)
[2026-03-02 11:58:05] [PREP] dataset_40: already prepared — skipping (use --force to redo)
[2026-03-02 11:58:05] [PREP] dataset_50: already prepared — skipping (use --force to redo)
[2026-03-02 11:58:05] [PREP] dataset_60: already prepared — skipping (use --force to redo)
[2026-03-02 11:58:05] [PREP] dataset_70: already prepared — skipping (use --force to redo)
[2026-03-02 11:58:05] [PREP] dataset_80: already prepared — skipping (use --force to redo)
[2026-03-02 11:58:05] [PREP] dataset_90: already prepared — skipping (use --force to redo)
[2026-03-02 11:58:05] [PREP] dataset_100: already prepared — skipping (use --force to redo)
[2026-03-02 11:58:05] [PREP] ------------------------------------------------------------
[2026-03-02 11:58:05] [PREP]   dataset_ 10: skipped (10 files)
[2026-03-02 11:58:05] [PREP]   dataset_ 20: skipped (20 files)
[2026-03-02 11:58:05] [PREP]   dataset_ 30: skipped (30 files)
[2026-03-02 11:58:05] [PREP]   dataset_ 40: skipped (40 files)
[2026-03-02 11:58:05] [PREP]   dataset_ 50: skipped (50 files)
[2026-03-02 11:58:05] [PREP]   dataset_ 60: skipped (60 files)
[2026-03-02 11:58:05] [PREP]   dataset_ 70: skipped (70 files)
[2026-03-02 11:58:05] [PREP]   dataset_ 80: skipped (80 files)
[2026-03-02 11:58:05] [PREP]   dataset_ 90: skipped (90 files)
[2026-03-02 11:58:05] [PREP]   dataset_100: skipped (100 files)
[2026-03-02 11:58:05] [PREP] Summary: 0 created, 10 skipped, 0 failed
[2026-03-02 11:58:05] [PREP] Dataset preparation complete.
[2026-03-02 12:02:36] [PREP] ============================================================
[2026-03-02 12:02:36] [PREP] GVCF Scalability Benchmark — Dataset Preparation
[2026-03-02 12:02:36] [PREP] Input directory : /nfs/theseus/Local_Collaborators/alepereira/gvcf_profiling/gvcf_stability_benchmark/input_gvcfs
[2026-03-02 12:02:36] [PREP] Output directory: /nfs/theseus/Local_Collaborators/alepereira/gvcf_profiling/gvcf_stability_benchmark/benchmarks/01_prep
[2026-03-02 12:02:36] [PREP] Dataset sizes   : [10, 20, 30, 40, 50, 60, 70, 80, 90, 100]
[2026-03-02 12:02:36] [PREP] Random seed     : 42
[2026-03-02 12:02:36] [PREP] ============================================================
[2026-03-02 12:02:36] [PREP] Discovered 100 GVCF files in pool
[2026-03-02 12:02:37] [PREP] Pool list written to /nfs/theseus/Local_Collaborators/alepereira/gvcf_profiling/gvcf_stability_benchmark/benchmarks/01_prep/all_gvcfs.txt
[2026-03-02 12:02:37] [PREP] dataset_10: already prepared — skipping (use --force to redo)
[2026-03-02 12:02:37] [PREP] dataset_20: already prepared — skipping (use --force to redo)
[2026-03-02 12:02:37] [PREP] dataset_30: already prepared — skipping (use --force to redo)
[2026-03-02 12:02:37] [PREP] dataset_40: already prepared — skipping (use --force to redo)
[2026-03-02 12:02:37] [PREP] dataset_50: already prepared — skipping (use --force to redo)
[2026-03-02 12:02:37] [PREP] dataset_60: already prepared — skipping (use --force to redo)
[2026-03-02 12:02:37] [PREP] dataset_70: already prepared — skipping (use --force to redo)
[2026-03-02 12:02:37] [PREP] dataset_80: already prepared — skipping (use --force to redo)
[2026-03-02 12:02:37] [PREP] dataset_90: already prepared — skipping (use --force to redo)
[2026-03-02 12:02:37] [PREP] dataset_100: already prepared — skipping (use --force to redo)
[2026-03-02 12:02:37] [PREP] ------------------------------------------------------------
[2026-03-02 12:02:37] [PREP]   dataset_ 10: skipped (10 files)
[2026-03-02 12:02:37] [PREP]   dataset_ 20: skipped (20 files)
[2026-03-02 12:02:37] [PREP]   dataset_ 30: skipped (30 files)
[2026-03-02 12:02:37] [PREP]   dataset_ 40: skipped (40 files)
[2026-03-02 12:02:37] [PREP]   dataset_ 50: skipped (50 files)
[2026-03-02 12:02:37] [PREP]   dataset_ 60: skipped (60 files)
[2026-03-02 12:02:37] [PREP]   dataset_ 70: skipped (70 files)
[2026-03-02 12:02:37] [PREP]   dataset_ 80: skipped (80 files)
[2026-03-02 12:02:37] [PREP]   dataset_ 90: skipped (90 files)
[2026-03-02 12:02:37] [PREP]   dataset_100: skipped (100 files)
[2026-03-02 12:02:37] [PREP] Summary: 0 created, 10 skipped, 0 failed
[2026-03-02 12:02:37] [PREP] Dataset preparation complete.
[2026-03-02 12:04:31] [PREP] ============================================================
[2026-03-02 12:04:31] [PREP] GVCF Scalability Benchmark — Dataset Preparation
[2026-03-02 12:04:31] [PREP] Input directory : /nfs/theseus/Local_Collaborators/alepereira/gvcf_profiling/gvcf_stability_benchmark/input_gvcfs
[2026-03-02 12:04:31] [PREP] Output directory: /nfs/theseus/Local_Collaborators/alepereira/gvcf_profiling/gvcf_stability_benchmark/benchmarks/01_prep
[2026-03-02 12:04:31] [PREP] Dataset sizes   : [10, 20, 30, 40, 50, 60, 70, 80, 90, 100]
[2026-03-02 12:04:31] [PREP] Random seed     : 42
[2026-03-02 12:04:31] [PREP] ============================================================
[2026-03-02 12:04:31] [PREP] Discovered 100 GVCF files in pool
[2026-03-02 12:04:31] [PREP] Pool list written to /nfs/theseus/Local_Collaborators/alepereira/gvcf_profiling/gvcf_stability_benchmark/benchmarks/01_prep/all_gvcfs.txt
[2026-03-02 12:04:31] [PREP] dataset_10: already prepared — skipping (use --force to redo)
[2026-03-02 12:04:31] [PREP] dataset_20: already prepared — skipping (use --force to redo)
[2026-03-02 12:04:31] [PREP] dataset_30: already prepared — skipping (use --force to redo)
[2026-03-02 12:04:31] [PREP] dataset_40: already prepared — skipping (use --force to redo)
[2026-03-02 12:04:31] [PREP] dataset_50: already prepared — skipping (use --force to redo)
[2026-03-02 12:04:31] [PREP] dataset_60: already prepared — skipping (use --force to redo)
[2026-03-02 12:04:31] [PREP] dataset_70: already prepared — skipping (use --force to redo)
[2026-03-02 12:04:31] [PREP] dataset_80: already prepared — skipping (use --force to redo)
[2026-03-02 12:04:31] [PREP] dataset_90: already prepared — skipping (use --force to redo)
[2026-03-02 12:04:31] [PREP] dataset_100: already prepared — skipping (use --force to redo)
[2026-03-02 12:04:31] [PREP] ------------------------------------------------------------
[2026-03-02 12:04:31] [PREP]   dataset_ 10: skipped (10 files)
[2026-03-02 12:04:31] [PREP]   dataset_ 20: skipped (20 files)
[2026-03-02 12:04:31] [PREP]   dataset_ 30: skipped (30 files)
[2026-03-02 12:04:31] [PREP]   dataset_ 40: skipped (40 files)
[2026-03-02 12:04:31] [PREP]   dataset_ 50: skipped (50 files)
[2026-03-02 12:04:31] [PREP]   dataset_ 60: skipped (60 files)
[2026-03-02 12:04:31] [PREP]   dataset_ 70: skipped (70 files)
[2026-03-02 12:04:31] [PREP]   dataset_ 80: skipped (80 files)
[2026-03-02 12:04:31] [PREP]   dataset_ 90: skipped (90 files)
[2026-03-02 12:04:31] [PREP]   dataset_100: skipped (100 files)
[2026-03-02 12:04:31] [PREP] Summary: 0 created, 10 skipped, 0 failed
[2026-03-02 12:04:31] [PREP] Dataset preparation complete.
[2026-03-02 12:04:52] [PREP] ============================================================
[2026-03-02 12:04:52] [PREP] GVCF Scalability Benchmark — Dataset Preparation
[2026-03-02 12:04:52] [PREP] Input directory : /nfs/theseus/Local_Collaborators/alepereira/gvcf_profiling/gvcf_stability_benchmark/input_gvcfs
[2026-03-02 12:04:52] [PREP] Output directory: /nfs/theseus/Local_Collaborators/alepereira/gvcf_profiling/gvcf_stability_benchmark/benchmarks/01_prep
[2026-03-02 12:04:52] [PREP] Dataset sizes   : [10, 20, 30, 40, 50, 60, 70, 80, 90, 100]
[2026-03-02 12:04:52] [PREP] Random seed     : 42
[2026-03-02 12:04:52] [PREP] ============================================================
[2026-03-02 12:04:52] [PREP] Discovered 100 GVCF files in pool
[2026-03-02 12:04:52] [PREP] Pool list written to /nfs/theseus/Local_Collaborators/alepereira/gvcf_profiling/gvcf_stability_benchmark/benchmarks/01_prep/all_gvcfs.txt
[2026-03-02 12:04:52] [PREP] dataset_10: already prepared — skipping (use --force to redo)
[2026-03-02 12:04:52] [PREP] dataset_20: already prepared — skipping (use --force to redo)
[2026-03-02 12:04:52] [PREP] dataset_30: already prepared — skipping (use --force to redo)
[2026-03-02 12:04:52] [PREP] dataset_40: already prepared — skipping (use --force to redo)
[2026-03-02 12:04:52] [PREP] dataset_50: already prepared — skipping (use --force to redo)
[2026-03-02 12:04:52] [PREP] dataset_60: already prepared — skipping (use --force to redo)
[2026-03-02 12:04:52] [PREP] dataset_70: already prepared — skipping (use --force to redo)
[2026-03-02 12:04:52] [PREP] dataset_80: already prepared — skipping (use --force to redo)
[2026-03-02 12:04:52] [PREP] dataset_90: already prepared — skipping (use --force to redo)
[2026-03-02 12:04:52] [PREP] dataset_100: already prepared — skipping (use --force to redo)
[2026-03-02 12:04:52] [PREP] ------------------------------------------------------------
[2026-03-02 12:04:52] [PREP]   dataset_ 10: skipped (10 files)
[2026-03-02 12:04:52] [PREP]   dataset_ 20: skipped (20 files)
[2026-03-02 12:04:52] [PREP]   dataset_ 30: skipped (30 files)
[2026-03-02 12:04:52] [PREP]   dataset_ 40: skipped (40 files)
[2026-03-02 12:04:52] [PREP]   dataset_ 50: skipped (50 files)
[2026-03-02 12:04:52] [PREP]   dataset_ 60: skipped (60 files)
[2026-03-02 12:04:52] [PREP]   dataset_ 70: skipped (70 files)
[2026-03-02 12:04:52] [PREP]   dataset_ 80: skipped (80 files)
[2026-03-02 12:04:52] [PREP]   dataset_ 90: skipped (90 files)
[2026-03-02 12:04:52] [PREP]   dataset_100: skipped (100 files)
[2026-03-02 12:04:52] [PREP] Summary: 0 created, 10 skipped, 0 failed
[2026-03-02 12:04:52] [PREP] Dataset preparation complete.
[2026-03-02 12:06:42] [PREP] ============================================================
[2026-03-02 12:06:42] [PREP] GVCF Scalability Benchmark — Dataset Preparation
[2026-03-02 12:06:42] [PREP] Input directory : /nfs/theseus/Local_Collaborators/alepereira/gvcf_profiling/gvcf_stability_benchmark/input_gvcfs
[2026-03-02 12:06:42] [PREP] Output directory: /nfs/theseus/Local_Collaborators/alepereira/gvcf_profiling/gvcf_stability_benchmark/benchmarks/01_prep
[2026-03-02 12:06:42] [PREP] Dataset sizes   : [10, 20, 30, 40, 50, 60, 70, 80, 90, 100]
[2026-03-02 12:06:42] [PREP] Random seed     : 42
[2026-03-02 12:06:42] [PREP] ============================================================
[2026-03-02 12:06:42] [PREP] Discovered 100 GVCF files in pool
[2026-03-02 12:06:42] [PREP] Pool list written to /nfs/theseus/Local_Collaborators/alepereira/gvcf_profiling/gvcf_stability_benchmark/benchmarks/01_prep/all_gvcfs.txt
[2026-03-02 12:06:42] [PREP] dataset_10: already prepared — skipping (use --force to redo)
[2026-03-02 12:06:42] [PREP] dataset_20: already prepared — skipping (use --force to redo)
[2026-03-02 12:06:42] [PREP] dataset_30: already prepared — skipping (use --force to redo)
[2026-03-02 12:06:42] [PREP] dataset_40: already prepared — skipping (use --force to redo)
[2026-03-02 12:06:42] [PREP] dataset_50: already prepared — skipping (use --force to redo)
[2026-03-02 12:06:42] [PREP] dataset_60: already prepared — skipping (use --force to redo)
[2026-03-02 12:06:42] [PREP] dataset_70: already prepared — skipping (use --force to redo)
[2026-03-02 12:06:42] [PREP] dataset_80: already prepared — skipping (use --force to redo)
[2026-03-02 12:06:42] [PREP] dataset_90: already prepared — skipping (use --force to redo)
[2026-03-02 12:06:42] [PREP] dataset_100: already prepared — skipping (use --force to redo)
[2026-03-02 12:06:42] [PREP] ------------------------------------------------------------
[2026-03-02 12:06:42] [PREP]   dataset_ 10: skipped (10 files)
[2026-03-02 12:06:42] [PREP]   dataset_ 20: skipped (20 files)
[2026-03-02 12:06:42] [PREP]   dataset_ 30: skipped (30 files)
[2026-03-02 12:06:42] [PREP]   dataset_ 40: skipped (40 files)
[2026-03-02 12:06:42] [PREP]   dataset_ 50: skipped (50 files)
[2026-03-02 12:06:42] [PREP]   dataset_ 60: skipped (60 files)
[2026-03-02 12:06:42] [PREP]   dataset_ 70: skipped (70 files)
[2026-03-02 12:06:42] [PREP]   dataset_ 80: skipped (80 files)
[2026-03-02 12:06:42] [PREP]   dataset_ 90: skipped (90 files)
[2026-03-02 12:06:42] [PREP]   dataset_100: skipped (100 files)
[2026-03-02 12:06:42] [PREP] Summary: 0 created, 10 skipped, 0 failed
[2026-03-02 12:06:42] [PREP] Dataset preparation complete.
